15:22:34 **** Build of configuration Default for project rOt_B ****
make all 
CC -I../include -I../src auto.c
CC -I../include -I../src init.c
CC -I../include -I../src opcontrol.c
LN ./bin/auto.o ./bin/init.o ./bin/opcontrol.o ./firmware/libccos.a -lgcc -lm to bin/output.elf
   text	   data	    bss	    dec	    hex	filename
  12420	      0	   3840	  16260	   3f84	./bin/output.elf
arm-none-eabi-objcopy ./bin/output.elf -O binary ./bin/output.bin
15:25:34 **** Incremental Build of configuration Default for project rOt_B ****
make all 
CC -I../include -I../src opcontrol.c
LN ./bin/auto.o ./bin/init.o ./bin/opcontrol.o ./firmware/libccos.a -lgcc -lm to bin/output.elf
   text	   data	    bss	    dec	    hex	filename
  12428	      0	   3840	  16268	   3f8c	./bin/output.elf
arm-none-eabi-objcopy ./bin/output.elf -O binary ./bin/output.bin
15:26:49 **** Incremental Build of configuration Default for project rOt_B ****
make all 
CC -I../include -I../src opcontrol.c
LN ./bin/auto.o ./bin/init.o ./bin/opcontrol.o ./firmware/libccos.a -lgcc -lm to bin/output.elf
   text	   data	    bss	    dec	    hex	filename
  12432	      0	   3840	  16272	   3f90	./bin/output.elf
arm-none-eabi-objcopy ./bin/output.elf -O binary ./bin/output.bin
15:31:14 **** Incremental Build of configuration Default for project rOt_B ****
make all 
CC -I../include -I../src opcontrol.c
LN ./bin/auto.o ./bin/init.o ./bin/opcontrol.o ./firmware/libccos.a -lgcc -lm to bin/output.elf
   text	   data	    bss	    dec	    hex	filename
  11952	      0	   3840	  15792	   3db0	./bin/output.elf
arm-none-eabi-objcopy ./bin/output.elf -O binary ./bin/output.bin
15:31:51 **** Incremental Build of configuration Default for project rOt_B ****
make all 
CC -I../include -I../src opcontrol.c
LN ./bin/auto.o ./bin/init.o ./bin/opcontrol.o ./firmware/libccos.a -lgcc -lm to bin/output.elf
   text	   data	    bss	    dec	    hex	filename
  12432	      0	   3840	  16272	   3f90	./bin/output.elf
arm-none-eabi-objcopy ./bin/output.elf -O binary ./bin/output.bin
16:29:44 **** Build of configuration Default for project PROS_E_Robot_of_Theseus_A ****
make all 
CC -I../include -I../src auto.c
CC -I../include -I../src init.c
CC -I../include -I../src opcontrol.c
LN ./bin/auto.o ./bin/init.o ./bin/opcontrol.o ./firmware/libccos.a -lgcc -lm to bin/output.elf
   text	   data	    bss	    dec	    hex	filename
  13208	      0	   3848	  17056	   42a0	./bin/output.elf
arm-none-eabi-objcopy ./bin/output.elf -O binary ./bin/output.bin
16:30:37 **** Incremental Build of configuration Default for project PROS_E_Robot_of_Theseus_A ****
make all 
make[1]: Nothing to be done for `all'.
16:30:56 **** Incremental Build of configuration Default for project PROS_E_Robot_of_Theseus_A ****
make all 
make[1]: Nothing to be done for `all'.
16:31:08 **** Incremental Build of configuration Default for project PROS_E_Robot_of_Theseus_A ****
make all 
make[1]: Nothing to be done for `all'.
15:51:42 **** Build of configuration Default for project PROS_E_Robot_of_Theseus_A ****
make all 
CC -I../include -I../src auto.c
In file included from auto.c:19:0:
../include/autoFunctions.h: In function 'motorsArm':
../include/autoFunctions.h:33:2: error: expected declaration specifiers before 'motorSet'
../include/autoFunctions.h:34:2: error: expected declaration specifiers before 'motorSet'
../include/autoFunctions.h:35:2: error: expected declaration specifiers before 'motorSet'
../include/autoFunctions.h:36:2: error: expected declaration specifiers before 'motorSet'
../include/autoFunctions.h:37:2: error: expected declaration specifiers before '}' token
../include/autoFunctions.h:40:35: error: expected '=', ',', ';', 'asm' or '__attribute__' before '{' token
../include/autoFunctions.h:52:33: error: expected '=', ',', ';', 'asm' or '__attribute__' before '{' token
../include/autoFunctions.h:57:1: error: expected declaration specifiers before 'clearArm'
../include/autoFunctions.h:58:1: error: expected declaration specifiers before '}' token
auto.c:36:19: error: expected '=', ',', ';', 'asm' or '__attribute__' before '{' token
auto.c:39:1: error: expected '{' at end of input
make[1]: *** [../bin/auto.o] Error 1
make: *** [src] Error 2
15:53:29 **** Incremental Build of configuration Default for project PROS_E_Robot_of_Theseus_A ****
make all 
CC -I../include -I../src auto.c
In file included from auto.c:19:0:
../include/autoFunctions.h: In function 'arm':
../include/autoFunctions.h:55:10: error: expected ')' before ';' token
../include/autoFunctions.h:56:1: error: expected ';' before '}' token
../include/autoFunctions.h: At top level:
../include/autoFunctions.h:57:1: warning: data definition has no type or storage class [enabled by default]
../include/autoFunctions.h:57:1: warning: type defaults to 'int' in declaration of 'clearArm' [enabled by default]
../include/autoFunctions.h:57:1: error: conflicting types for 'clearArm'
../include/autoFunctions.h:19:6: note: previous definition of 'clearArm' was here
../include/autoFunctions.h:58:1: error: expected identifier or '(' before '}' token
make[1]: *** [../bin/auto.o] Error 1
make: *** [src] Error 2
15:53:40 **** Incremental Build of configuration Default for project PROS_E_Robot_of_Theseus_A ****
make all 
CC -I../include -I../src auto.c
In file included from auto.c:19:0:
../include/autoFunctions.h: In function 'arm':
../include/autoFunctions.h:55:10: error: expected ')' before ';' token
../include/autoFunctions.h:56:1: error: expected ';' before '}' token
../include/autoFunctions.h: At top level:
../include/autoFunctions.h:57:1: warning: data definition has no type or storage class [enabled by default]
../include/autoFunctions.h:57:1: warning: type defaults to 'int' in declaration of 'clearArm' [enabled by default]
../include/autoFunctions.h:57:1: error: conflicting types for 'clearArm'
../include/autoFunctions.h:19:6: note: previous definition of 'clearArm' was here
../include/autoFunctions.h:58:1: error: expected identifier or '(' before '}' token
make[1]: *** [../bin/auto.o] Error 1
make: *** [src] Error 2
15:54:07 **** Incremental Build of configuration Default for project PROS_E_Robot_of_Theseus_A ****
make all 
CC -I../include -I../src auto.c
In file included from auto.c:19:0:
../include/autoFunctions.h: In function 'arm':
../include/autoFunctions.h:55:10: error: expected ')' before ';' token
../include/autoFunctions.h:56:1: error: expected ';' before '}' token
../include/autoFunctions.h: At top level:
../include/autoFunctions.h:57:1: warning: data definition has no type or storage class [enabled by default]
../include/autoFunctions.h:57:1: warning: type defaults to 'int' in declaration of 'clearArm' [enabled by default]
../include/autoFunctions.h:57:1: error: conflicting types for 'clearArm'
../include/autoFunctions.h:19:6: note: previous definition of 'clearArm' was here
../include/autoFunctions.h:58:1: error: expected identifier or '(' before '}' token
make[1]: *** [../bin/auto.o] Error 1
make: *** [src] Error 2
15:54:55 **** Incremental Build of configuration Default for project PROS_E_Robot_of_Theseus_A ****
make all 
CC -I../include -I../src auto.c
In file included from auto.c:19:0:
../include/autoFunctions.h: In function 'arm':
../include/autoFunctions.h:55:10: error: expected ')' before ';' token
../include/autoFunctions.h:56:1: error: expected ';' before '}' token
../include/autoFunctions.h: At top level:
../include/autoFunctions.h:57:1: warning: data definition has no type or storage class [enabled by default]
../include/autoFunctions.h:57:1: warning: type defaults to 'int' in declaration of 'clearArm' [enabled by default]
../include/autoFunctions.h:57:1: error: conflicting types for 'clearArm'
../include/autoFunctions.h:19:6: note: previous definition of 'clearArm' was here
../include/autoFunctions.h:58:1: error: expected identifier or '(' before '}' token
make[1]: *** [../bin/auto.o] Error 1
make: *** [src] Error 2
15:55:40 **** Incremental Build of configuration Default for project PROS_E_Robot_of_Theseus_A ****
make all 
CC -I../include -I../src auto.c
In file included from auto.c:19:0:
../include/autoFunctions.h: In function 'arm':
../include/autoFunctions.h:55:10: error: expected ')' before ';' token
../include/autoFunctions.h:56:1: error: expected ';' before '}' token
../include/autoFunctions.h: At top level:
../include/autoFunctions.h:57:1: warning: data definition has no type or storage class [enabled by default]
../include/autoFunctions.h:57:1: warning: type defaults to 'int' in declaration of 'clearArm' [enabled by default]
../include/autoFunctions.h:57:1: error: conflicting types for 'clearArm'
../include/autoFunctions.h:19:6: note: previous definition of 'clearArm' was here
../include/autoFunctions.h:58:1: error: expected identifier or '(' before '}' token
make[1]: *** [../bin/auto.o] Error 1
make: *** [src] Error 2
15:55:49 **** Incremental Build of configuration Default for project PROS_E_Robot_of_Theseus_A ****
make all 
CC -I../include -I../src auto.c
In file included from auto.c:19:0:
../include/autoFunctions.h: In function 'arm':
../include/autoFunctions.h:55:10: error: expected ')' before ';' token
../include/autoFunctions.h:56:1: error: expected ';' before '}' token
../include/autoFunctions.h: At top level:
../include/autoFunctions.h:57:1: warning: data definition has no type or storage class [enabled by default]
../include/autoFunctions.h:57:1: warning: type defaults to 'int' in declaration of 'clearArm' [enabled by default]
../include/autoFunctions.h:57:1: error: conflicting types for 'clearArm'
../include/autoFunctions.h:19:6: note: previous definition of 'clearArm' was here
../include/autoFunctions.h:58:1: error: expected identifier or '(' before '}' token
make[1]: *** [../bin/auto.o] Error 1
make: *** [src] Error 2
15:57:36 **** Incremental Build of configuration Default for project PROS_E_Robot_of_Theseus_A ****
make all 
CC -I../include -I../src auto.c
In file included from auto.c:19:0:
../include/autoFunctions.h: In function 'arm':
../include/autoFunctions.h:55:10: error: expected ')' before ';' token
../include/autoFunctions.h:56:1: error: expected ';' before '}' token
../include/autoFunctions.h: At top level:
../include/autoFunctions.h:57:1: warning: data definition has no type or storage class [enabled by default]
../include/autoFunctions.h:57:1: warning: type defaults to 'int' in declaration of 'clearArm' [enabled by default]
../include/autoFunctions.h:57:1: error: conflicting types for 'clearArm'
../include/autoFunctions.h:19:6: note: previous definition of 'clearArm' was here
../include/autoFunctions.h:58:1: error: expected identifier or '(' before '}' token
make[1]: *** [../bin/auto.o] Error 1
make: *** [src] Error 2
15:57:46 **** Incremental Build of configuration Default for project PROS_E_Robot_of_Theseus_A ****
make all 
CC -I../include -I../src auto.c
In file included from auto.c:19:0:
../include/autoFunctions.h: In function 'arm':
../include/autoFunctions.h:55:10: error: expected ')' before ';' token
../include/autoFunctions.h:56:1: error: expected ';' before '}' token
../include/autoFunctions.h: At top level:
../include/autoFunctions.h:57:1: warning: data definition has no type or storage class [enabled by default]
../include/autoFunctions.h:57:1: warning: type defaults to 'int' in declaration of 'clearArm' [enabled by default]
../include/autoFunctions.h:57:1: error: conflicting types for 'clearArm'
../include/autoFunctions.h:19:6: note: previous definition of 'clearArm' was here
../include/autoFunctions.h:58:1: error: expected identifier or '(' before '}' token
make[1]: *** [../bin/auto.o] Error 1
make: *** [src] Error 2
15:59:54 **** Incremental Build of configuration Default for project PROS_E_Robot_of_Theseus_A ****
make all 
CC -I../include -I../src auto.c
In file included from auto.c:19:0:
../include/autoFunctions.h: In function 'arm':
../include/autoFunctions.h:55:10: error: expected ')' before ';' token
../include/autoFunctions.h:56:1: error: expected ';' before '}' token
../include/autoFunctions.h: At top level:
../include/autoFunctions.h:57:1: warning: data definition has no type or storage class [enabled by default]
../include/autoFunctions.h:57:1: warning: type defaults to 'int' in declaration of 'clearArm' [enabled by default]
../include/autoFunctions.h:57:1: error: conflicting types for 'clearArm'
../include/autoFunctions.h:19:6: note: previous definition of 'clearArm' was here
../include/autoFunctions.h:58:1: error: expected identifier or '(' before '}' token
make[1]: *** [../bin/auto.o] Error 1
make: *** [src] Error 2
16:00:03 **** Incremental Build of configuration Default for project PROS_E_Robot_of_Theseus_A ****
make all 
CC -I../include -I../src auto.c
In file included from auto.c:19:0:
../include/autoFunctions.h: In function 'arm':
../include/autoFunctions.h:55:10: error: expected ')' before ';' token
../include/autoFunctions.h:56:1: error: expected ';' before '}' token
../include/autoFunctions.h: At top level:
../include/autoFunctions.h:57:1: warning: data definition has no type or storage class [enabled by default]
../include/autoFunctions.h:57:1: warning: type defaults to 'int' in declaration of 'clearArm' [enabled by default]
../include/autoFunctions.h:57:1: error: conflicting types for 'clearArm'
../include/autoFunctions.h:19:6: note: previous definition of 'clearArm' was here
../include/autoFunctions.h:58:1: error: expected identifier or '(' before '}' token
make[1]: *** [../bin/auto.o] Error 1
make: *** [src] Error 2
16:00:19 **** Incremental Build of configuration Default for project PROS_E_Robot_of_Theseus_A ****
make all 
CC -I../include -I../src auto.c
In file included from auto.c:19:0:
../include/autoFunctions.h: In function 'arm':
../include/autoFunctions.h:55:10: error: expected ')' before ';' token
../include/autoFunctions.h:56:1: error: expected ';' before '}' token
../include/autoFunctions.h: At top level:
../include/autoFunctions.h:57:1: warning: data definition has no type or storage class [enabled by default]
../include/autoFunctions.h:57:1: warning: type defaults to 'int' in declaration of 'clearArm' [enabled by default]
../include/autoFunctions.h:57:1: error: conflicting types for 'clearArm'
../include/autoFunctions.h:19:6: note: previous definition of 'clearArm' was here
../include/autoFunctions.h:58:1: error: expected identifier or '(' before '}' token
make[1]: *** [../bin/auto.o] Error 1
make: *** [src] Error 2
16:00:25 **** Incremental Build of configuration Default for project PROS_E_Robot_of_Theseus_A ****
make all 
CC -I../include -I../src auto.c
In file included from auto.c:19:0:
../include/autoFunctions.h: In function 'arm':
../include/autoFunctions.h:55:10: error: expected ')' before ';' token
../include/autoFunctions.h:56:1: error: expected ';' before '}' token
../include/autoFunctions.h: At top level:
../include/autoFunctions.h:57:1: warning: data definition has no type or storage class [enabled by default]
../include/autoFunctions.h:57:1: warning: type defaults to 'int' in declaration of 'clearArm' [enabled by default]
../include/autoFunctions.h:57:1: error: conflicting types for 'clearArm'
../include/autoFunctions.h:19:6: note: previous definition of 'clearArm' was here
../include/autoFunctions.h:58:1: error: expected identifier or '(' before '}' token
make[1]: *** [../bin/auto.o] Error 1
make: *** [src] Error 2
16:01:32 **** Incremental Build of configuration Default for project PROS_E_Robot_of_Theseus_A ****
make all 
CC -I../include -I../src auto.c
In file included from auto.c:19:0:
../include/autoFunctions.h: In function 'arm':
../include/autoFunctions.h:55:10: error: expected ')' before ';' token
../include/autoFunctions.h:56:1: error: expected ';' before '}' token
../include/autoFunctions.h: At top level:
../include/autoFunctions.h:57:1: warning: data definition has no type or storage class [enabled by default]
../include/autoFunctions.h:57:1: warning: type defaults to 'int' in declaration of 'clearArm' [enabled by default]
../include/autoFunctions.h:57:1: error: conflicting types for 'clearArm'
../include/autoFunctions.h:19:6: note: previous definition of 'clearArm' was here
../include/autoFunctions.h:58:1: error: expected identifier or '(' before '}' token
make[1]: *** [../bin/auto.o] Error 1
make: *** [src] Error 2
16:02:59 **** Incremental Build of configuration Default for project PROS_E_Robot_of_Theseus_A ****
make all 
CC -I../include -I../src auto.c
In file included from auto.c:19:0:
../include/autoFunctions.h: In function 'arm':
../include/autoFunctions.h:55:10: error: expected ')' before ';' token
../include/autoFunctions.h:56:1: error: expected ';' before '}' token
../include/autoFunctions.h: At top level:
../include/autoFunctions.h:57:1: warning: data definition has no type or storage class [enabled by default]
../include/autoFunctions.h:57:1: warning: type defaults to 'int' in declaration of 'clearArm' [enabled by default]
../include/autoFunctions.h:57:1: error: conflicting types for 'clearArm'
../include/autoFunctions.h:19:6: note: previous definition of 'clearArm' was here
../include/autoFunctions.h:58:1: error: expected identifier or '(' before '}' token
make[1]: *** [../bin/auto.o] Error 1
make: *** [src] Error 2
16:03:41 **** Incremental Build of configuration Default for project PROS_E_Robot_of_Theseus_A ****
make all 
CC -I../include -I../src auto.c
In file included from auto.c:19:0:
../include/autoFunctions.h: In function 'arm':
../include/autoFunctions.h:55:10: error: expected ')' before ';' token
../include/autoFunctions.h:56:1: error: expected ';' before '}' token
../include/autoFunctions.h: At top level:
../include/autoFunctions.h:57:1: warning: data definition has no type or storage class [enabled by default]
../include/autoFunctions.h:57:1: warning: type defaults to 'int' in declaration of 'clearArm' [enabled by default]
../include/autoFunctions.h:57:1: error: conflicting types for 'clearArm'
../include/autoFunctions.h:19:6: note: previous definition of 'clearArm' was here
../include/autoFunctions.h:58:1: error: expected identifier or '(' before '}' token
make[1]: *** [../bin/auto.o] Error 1
make: *** [src] Error 2
16:04:04 **** Incremental Build of configuration Default for project PROS_E_Robot_of_Theseus_A ****
make all 
CC -I../include -I../src auto.c
In file included from auto.c:19:0:
../include/autoFunctions.h: In function 'arm':
../include/autoFunctions.h:55:10: error: expected ')' before ';' token
../include/autoFunctions.h:56:1: error: expected ';' before '}' token
../include/autoFunctions.h: At top level:
../include/autoFunctions.h:57:1: warning: data definition has no type or storage class [enabled by default]
../include/autoFunctions.h:57:1: warning: type defaults to 'int' in declaration of 'clearArm' [enabled by default]
../include/autoFunctions.h:57:1: error: conflicting types for 'clearArm'
../include/autoFunctions.h:19:6: note: previous definition of 'clearArm' was here
../include/autoFunctions.h:58:1: error: expected identifier or '(' before '}' token
make[1]: *** [../bin/auto.o] Error 1
make: *** [src] Error 2
16:04:48 **** Incremental Build of configuration Default for project PROS_E_Robot_of_Theseus_A ****
make all 
CC -I../include -I../src auto.c
In file included from auto.c:19:0:
../include/autoFunctions.h: In function 'arm':
../include/autoFunctions.h:55:10: error: expected ')' before ';' token
../include/autoFunctions.h:56:1: error: expected ';' before '}' token
../include/autoFunctions.h: At top level:
../include/autoFunctions.h:57:1: warning: data definition has no type or storage class [enabled by default]
../include/autoFunctions.h:57:1: warning: type defaults to 'int' in declaration of 'clearArm' [enabled by default]
../include/autoFunctions.h:57:1: error: conflicting types for 'clearArm'
../include/autoFunctions.h:19:6: note: previous definition of 'clearArm' was here
../include/autoFunctions.h:58:1: error: expected identifier or '(' before '}' token
make[1]: *** [../bin/auto.o] Error 1
make: *** [src] Error 2
16:05:00 **** Incremental Build of configuration Default for project PROS_E_Robot_of_Theseus_A ****
make all 
CC -I../include -I../src auto.c
In file included from auto.c:19:0:
../include/autoFunctions.h: In function 'arm':
../include/autoFunctions.h:55:10: error: expected ')' before ';' token
../include/autoFunctions.h:56:1: error: expected ';' before '}' token
../include/autoFunctions.h: At top level:
../include/autoFunctions.h:57:1: warning: data definition has no type or storage class [enabled by default]
../include/autoFunctions.h:57:1: warning: type defaults to 'int' in declaration of 'clearArm' [enabled by default]
../include/autoFunctions.h:57:1: error: conflicting types for 'clearArm'
../include/autoFunctions.h:19:6: note: previous definition of 'clearArm' was here
../include/autoFunctions.h:58:1: error: expected identifier or '(' before '}' token
make[1]: *** [../bin/auto.o] Error 1
make: *** [src] Error 2
16:05:22 **** Incremental Build of configuration Default for project PROS_E_Robot_of_Theseus_A ****
make all 
CC -I../include -I../src auto.c
In file included from auto.c:19:0:
../include/autoFunctions.h: In function 'arm':
../include/autoFunctions.h:55:10: error: expected ')' before ';' token
../include/autoFunctions.h:56:1: error: expected ';' before '}' token
../include/autoFunctions.h: At top level:
../include/autoFunctions.h:57:1: warning: data definition has no type or storage class [enabled by default]
../include/autoFunctions.h:57:1: warning: type defaults to 'int' in declaration of 'clearArm' [enabled by default]
../include/autoFunctions.h:57:1: error: conflicting types for 'clearArm'
../include/autoFunctions.h:19:6: note: previous definition of 'clearArm' was here
../include/autoFunctions.h:58:1: error: expected identifier or '(' before '}' token
make[1]: *** [../bin/auto.o] Error 1
make: *** [src] Error 2
16:05:35 **** Incremental Build of configuration Default for project PROS_E_Robot_of_Theseus_A ****
make all 
CC -I../include -I../src auto.c
In file included from auto.c:19:0:
../include/autoFunctions.h: In function 'arm':
../include/autoFunctions.h:55:10: error: expected ')' before ';' token
../include/autoFunctions.h:56:1: error: expected ';' before '}' token
../include/autoFunctions.h: At top level:
../include/autoFunctions.h:57:1: warning: data definition has no type or storage class [enabled by default]
../include/autoFunctions.h:57:1: warning: type defaults to 'int' in declaration of 'clearArm' [enabled by default]
../include/autoFunctions.h:57:1: error: conflicting types for 'clearArm'
../include/autoFunctions.h:19:6: note: previous definition of 'clearArm' was here
../include/autoFunctions.h:58:1: error: expected identifier or '(' before '}' token
make[1]: *** [../bin/auto.o] Error 1
make: *** [src] Error 2
16:08:21 **** Incremental Build of configuration Default for project PROS_E_Robot_of_Theseus_A ****
make all 
CC -I../include -I../src auto.c
In file included from auto.c:19:0:
../include/autoFunctions.h: In function 'arm':
../include/autoFunctions.h:54:3: error: implicit declaration of function 'motorArm' [-Werror=implicit-function-declaration]
cc1.exe: some warnings being treated as errors
make[1]: *** [../bin/auto.o] Error 1
make: *** [src] Error 2
16:09:02 **** Incremental Build of configuration Default for project PROS_E_Robot_of_Theseus_A ****
make all 
CC -I../include -I../src auto.c
In file included from auto.c:19:0:
../include/autoFunctions.h: In function 'arm':
../include/autoFunctions.h:54:3: error: implicit declaration of function 'motorArm' [-Werror=implicit-function-declaration]
cc1.exe: some warnings being treated as errors
make[1]: *** [../bin/auto.o] Error 1
make: *** [src] Error 2
16:09:16 **** Incremental Build of configuration Default for project PROS_E_Robot_of_Theseus_A ****
make all 
CC -I../include -I../src auto.c
In file included from auto.c:19:0:
../include/autoFunctions.h: In function 'arm':
../include/autoFunctions.h:54:3: error: implicit declaration of function 'motorArm' [-Werror=implicit-function-declaration]
cc1.exe: some warnings being treated as errors
make[1]: *** [../bin/auto.o] Error 1
make: *** [src] Error 2
16:09:35 **** Incremental Build of configuration Default for project PROS_E_Robot_of_Theseus_A ****
make all 
CC -I../include -I../src auto.c
In file included from auto.c:19:0:
../include/autoFunctions.h: In function 'arm':
../include/autoFunctions.h:54:3: error: implicit declaration of function 'motorArm' [-Werror=implicit-function-declaration]
cc1.exe: some warnings being treated as errors
make[1]: *** [../bin/auto.o] Error 1
make: *** [src] Error 2
16:10:15 **** Incremental Build of configuration Default for project PROS_E_Robot_of_Theseus_A ****
make all 
CC -I../include -I../src auto.c
In file included from auto.c:19:0:
../include/autoFunctions.h: In function 'arm':
../include/autoFunctions.h:54:3: error: implicit declaration of function 'motorArm' [-Werror=implicit-function-declaration]
cc1.exe: some warnings being treated as errors
make[1]: *** [../bin/auto.o] Error 1
make: *** [src] Error 2
16:10:47 **** Incremental Build of configuration Default for project PROS_E_Robot_of_Theseus_A ****
make all 
CC -I../include -I../src auto.c
In file included from auto.c:19:0:
../include/autoFunctions.h: In function 'arm':
../include/autoFunctions.h:54:3: error: implicit declaration of function 'motorArm' [-Werror=implicit-function-declaration]
cc1.exe: some warnings being treated as errors
make[1]: *** [../bin/auto.o] Error 1
make: *** [src] Error 2
16:11:36 **** Incremental Build of configuration Default for project PROS_E_Robot_of_Theseus_A ****
make all 
CC -I../include -I../src auto.c
In file included from auto.c:19:0:
../include/autoFunctions.h: In function 'arm':
../include/autoFunctions.h:54:3: error: implicit declaration of function 'motorArm' [-Werror=implicit-function-declaration]
cc1.exe: some warnings being treated as errors
make[1]: *** [../bin/auto.o] Error 1
make: *** [src] Error 2
16:11:40 **** Incremental Build of configuration Default for project PROS_E_Robot_of_Theseus_A ****
make all 
CC -I../include -I../src auto.c
In file included from auto.c:19:0:
../include/autoFunctions.h: In function 'arm':
../include/autoFunctions.h:54:3: error: implicit declaration of function 'motorArm' [-Werror=implicit-function-declaration]
cc1.exe: some warnings being treated as errors
make[1]: *** [../bin/auto.o] Error 1
make: *** [src] Error 2
16:12:00 **** Incremental Build of configuration Default for project PROS_E_Robot_of_Theseus_A ****
make all 
CC -I../include -I../src auto.c
In file included from auto.c:19:0:
../include/autoFunctions.h: In function 'arm':
../include/autoFunctions.h:54:3: error: implicit declaration of function 'motorArm' [-Werror=implicit-function-declaration]
cc1.exe: some warnings being treated as errors
make[1]: *** [../bin/auto.o] Error 1
make: *** [src] Error 2
16:12:57 **** Incremental Build of configuration Default for project PROS_E_Robot_of_Theseus_A ****
make all 
CC -I../include -I../src auto.c
In file included from auto.c:19:0:
../include/autoFunctions.h: In function 'arm':
../include/autoFunctions.h:54:3: error: implicit declaration of function 'motorArm' [-Werror=implicit-function-declaration]
cc1.exe: some warnings being treated as errors
make[1]: *** [../bin/auto.o] Error 1
make: *** [src] Error 2
16:13:28 **** Incremental Build of configuration Default for project PROS_E_Robot_of_Theseus_A ****
make all 
CC -I../include -I../src auto.c
In file included from auto.c:19:0:
../include/autoFunctions.h: In function 'arm':
../include/autoFunctions.h:54:3: error: implicit declaration of function 'motorArm' [-Werror=implicit-function-declaration]
cc1.exe: some warnings being treated as errors
make[1]: *** [../bin/auto.o] Error 1
make: *** [src] Error 2
16:14:35 **** Incremental Build of configuration Default for project PROS_E_Robot_of_Theseus_A ****
make all 
CC -I../include -I../src auto.c
CC -I../include -I../src init.c
CC -I../include -I../src opcontrol.c
LN ./bin/auto.o ./bin/init.o ./bin/opcontrol.o ./firmware/libccos.a -lgcc -lm to bin/output.elf
   text	   data	    bss	    dec	    hex	filename
  13208	      0	   3848	  17056	   42a0	./bin/output.elf
arm-none-eabi-objcopy ./bin/output.elf -O binary ./bin/output.bin
16:21:06 **** Incremental Build of configuration Default for project PROS_E_Robot_of_Theseus_A ****
make all 
make[1]: Nothing to be done for `all'.
16:21:29 **** Incremental Build of configuration Default for project PROS_E_Robot_of_Theseus_A ****
make all 
make[1]: Nothing to be done for `all'.
16:23:42 **** Incremental Build of configuration Default for project PROS_E_Robot_of_Theseus_A ****
make all 
make[1]: Nothing to be done for `all'.
16:24:33 **** Incremental Build of configuration Default for project PROS_E_Robot_of_Theseus_A ****
make all 
make[1]: Nothing to be done for `all'.
16:25:11 **** Incremental Build of configuration Default for project PROS_E_Robot_of_Theseus_A ****
make all 
make[1]: Nothing to be done for `all'.
16:25:17 **** Incremental Build of configuration Default for project PROS_E_Robot_of_Theseus_A ****
make all 
CC -I../include -I../src auto.c
CC -I../include -I../src init.c
CC -I../include -I../src opcontrol.c
LN ./bin/auto.o ./bin/init.o ./bin/opcontrol.o ./firmware/libccos.a -lgcc -lm to bin/output.elf
   text	   data	    bss	    dec	    hex	filename
  13208	      0	   3848	  17056	   42a0	./bin/output.elf
arm-none-eabi-objcopy ./bin/output.elf -O binary ./bin/output.bin
16:27:09 **** Incremental Build of configuration Default for project PROS_E_Robot_of_Theseus_A ****
make all 
make[1]: Nothing to be done for `all'.
16:27:16 **** Incremental Build of configuration Default for project PROS_E_Robot_of_Theseus_A ****
make all 
make[1]: Nothing to be done for `all'.
16:27:26 **** Incremental Build of configuration Default for project PROS_E_Robot_of_Theseus_A ****
make all 
make[1]: Nothing to be done for `all'.
16:30:04 **** Incremental Build of configuration Default for project PROS_E_Robot_of_Theseus_A ****
make all 
make[1]: Nothing to be done for `all'.
16:32:35 **** Incremental Build of configuration Default for project PROS_E_Robot_of_Theseus_A ****
make all 
make[1]: Nothing to be done for `all'.
16:33:19 **** Incremental Build of configuration Default for project PROS_E_Robot_of_Theseus_A ****
make all 
CC -I../include -I../src auto.c
CC -I../include -I../src opcontrol.c
LN ./bin/auto.o ./bin/init.o ./bin/opcontrol.o ./firmware/libccos.a -lgcc -lm to bin/output.elf
   text	   data	    bss	    dec	    hex	filename
  13408	      0	   3848	  17256	   4368	./bin/output.elf
arm-none-eabi-objcopy ./bin/output.elf -O binary ./bin/output.bin
16:59:11 **** Incremental Build of configuration Default for project PROS_E_Robot_of_Theseus_A ****
make all 
CC -I../include -I../src auto.c
LN ./bin/auto.o ./bin/init.o ./bin/opcontrol.o ./firmware/libccos.a -lgcc -lm to bin/output.elf
   text	   data	    bss	    dec	    hex	filename
  13408	      0	   3848	  17256	   4368	./bin/output.elf
arm-none-eabi-objcopy ./bin/output.elf -O binary ./bin/output.bin
16:59:15 **** Incremental Build of configuration Default for project PROS_E_Robot_of_Theseus_A ****
make all 
make[1]: Nothing to be done for `all'.
17:14:22 **** Incremental Build of configuration Default for project PROS_E_Robot_of_Theseus_A ****
make all 
make[1]: Nothing to be done for `all'.
17:14:40 **** Incremental Build of configuration Default for project PROS_E_Robot_of_Theseus_A ****
make all 
CC -I../include -I../src auto.c
In file included from auto.c:19:0:
../include/autoFunctions.h: In function 'claw':
../include/autoFunctions.h:82:2: error: expected ';' before '}' token
make[1]: *** [../bin/auto.o] Error 1
make: *** [src] Error 2
17:14:53 **** Incremental Build of configuration Default for project PROS_E_Robot_of_Theseus_A ****
make all 
CC -I../include -I../src auto.c
In file included from auto.c:19:0:
../include/autoFunctions.h: In function 'claw':
../include/autoFunctions.h:82:2: error: expected ';' before '}' token
make[1]: *** [../bin/auto.o] Error 1
make: *** [src] Error 2
17:15:03 **** Incremental Build of configuration Default for project PROS_E_Robot_of_Theseus_A ****
make all 
CC -I../include -I../src auto.c
In file included from auto.c:19:0:
../include/autoFunctions.h: In function 'claw':
../include/autoFunctions.h:82:2: error: expected ';' before '}' token
make[1]: *** [../bin/auto.o] Error 1
make: *** [src] Error 2
17:15:47 **** Incremental Build of configuration Default for project PROS_E_Robot_of_Theseus_A ****
make all 
CC -I../include -I../src auto.c
In file included from auto.c:19:0:
../include/autoFunctions.h: In function 'claw':
../include/autoFunctions.h:82:2: error: expected ';' before '}' token
make[1]: *** [../bin/auto.o] Error 1
make: *** [src] Error 2
17:16:55 **** Incremental Build of configuration Default for project PROS_E_Robot_of_Theseus_A ****
make all 
CC -I../include -I../src auto.c
CC -I../include -I../src init.c
CC -I../include -I../src opcontrol.c
LN ./bin/auto.o ./bin/init.o ./bin/opcontrol.o ./firmware/libccos.a -lgcc -lm to bin/output.elf
   text	   data	    bss	    dec	    hex	filename
  13432	      0	   3848	  17280	   4380	./bin/output.elf
arm-none-eabi-objcopy ./bin/output.elf -O binary ./bin/output.bin
17:19:20 **** Incremental Build of configuration Default for project PROS_E_Robot_of_Theseus_A ****
make all 
CC -I../include -I../src auto.c
LN ./bin/auto.o ./bin/init.o ./bin/opcontrol.o ./firmware/libccos.a -lgcc -lm to bin/output.elf
   text	   data	    bss	    dec	    hex	filename
  13436	      0	   3848	  17284	   4384	./bin/output.elf
arm-none-eabi-objcopy ./bin/output.elf -O binary ./bin/output.bin
17:39:11 **** Incremental Build of configuration Default for project PROS_E_Robot_of_Theseus_A ****
make all 
CC -I../include -I../src auto.c
LN ./bin/auto.o ./bin/init.o ./bin/opcontrol.o ./firmware/libccos.a -lgcc -lm to bin/output.elf
   text	   data	    bss	    dec	    hex	filename
  13448	      0	   3848	  17296	   4390	./bin/output.elf
arm-none-eabi-objcopy ./bin/output.elf -O binary ./bin/output.bin
17:47:15 **** Incremental Build of configuration Default for project PROS_E_Robot_of_Theseus_A ****
make all 
make[1]: Nothing to be done for `all'.
17:47:17 **** Incremental Build of configuration Default for project PROS_E_Robot_of_Theseus_A ****
make all 
make[1]: Nothing to be done for `all'.
17:50:28 **** Incremental Build of configuration Default for project PROS_E_Robot_of_Theseus_A ****
make all 
CC -I../include -I../src auto.c
LN ./bin/auto.o ./bin/init.o ./bin/opcontrol.o ./firmware/libccos.a -lgcc -lm to bin/output.elf
   text	   data	    bss	    dec	    hex	filename
  13448	      0	   3848	  17296	   4390	./bin/output.elf
arm-none-eabi-objcopy ./bin/output.elf -O binary ./bin/output.bin
17:56:28 **** Incremental Build of configuration Default for project PROS_E_Robot_of_Theseus_A ****
make all 
CC -I../include -I../src auto.c
LN ./bin/auto.o ./bin/init.o ./bin/opcontrol.o ./firmware/libccos.a -lgcc -lm to bin/output.elf
   text	   data	    bss	    dec	    hex	filename
  13448	      0	   3848	  17296	   4390	./bin/output.elf
arm-none-eabi-objcopy ./bin/output.elf -O binary ./bin/output.bin
18:00:19 **** Incremental Build of configuration Default for project PROS_E_Robot_of_Theseus_A ****
make all 
CC -I../include -I../src auto.c
LN ./bin/auto.o ./bin/init.o ./bin/opcontrol.o ./firmware/libccos.a -lgcc -lm to bin/output.elf
   text	   data	    bss	    dec	    hex	filename
  13440	      0	   3848	  17288	   4388	./bin/output.elf
arm-none-eabi-objcopy ./bin/output.elf -O binary ./bin/output.bin
18:01:14 **** Incremental Build of configuration Default for project PROS_E_Robot_of_Theseus_A ****
make all 
make[1]: Nothing to be done for `all'.
18:01:15 **** Incremental Build of configuration Default for project PROS_E_Robot_of_Theseus_A ****
make all 
make[1]: Nothing to be done for `all'.
18:04:44 **** Incremental Build of configuration Default for project PROS_E_Robot_of_Theseus_A ****
make all 
CC -I../include -I../src auto.c
LN ./bin/auto.o ./bin/init.o ./bin/opcontrol.o ./firmware/libccos.a -lgcc -lm to bin/output.elf
   text	   data	    bss	    dec	    hex	filename
  13456	      0	   3848	  17304	   4398	./bin/output.elf
arm-none-eabi-objcopy ./bin/output.elf -O binary ./bin/output.bin
18:04:47 **** Incremental Build of configuration Default for project PROS_E_Robot_of_Theseus_A ****
make all 
make[1]: Nothing to be done for `all'.
18:07:33 **** Incremental Build of configuration Default for project PROS_E_Robot_of_Theseus_A ****
make all 
CC -I../include -I../src auto.c
LN ./bin/auto.o ./bin/init.o ./bin/opcontrol.o ./firmware/libccos.a -lgcc -lm to bin/output.elf
   text	   data	    bss	    dec	    hex	filename
  13528	      0	   3848	  17376	   43e0	./bin/output.elf
arm-none-eabi-objcopy ./bin/output.elf -O binary ./bin/output.bin
18:08:19 **** Incremental Build of configuration Default for project PROS_E_Robot_of_Theseus_A ****
make all 
CC -I../include -I../src auto.c
LN ./bin/auto.o ./bin/init.o ./bin/opcontrol.o ./firmware/libccos.a -lgcc -lm to bin/output.elf
   text	   data	    bss	    dec	    hex	filename
  13456	      0	   3848	  17304	   4398	./bin/output.elf
arm-none-eabi-objcopy ./bin/output.elf -O binary ./bin/output.bin
18:08:22 **** Incremental Build of configuration Default for project PROS_E_Robot_of_Theseus_A ****
make all 
make[1]: Nothing to be done for `all'.
18:32:05 **** Incremental Build of configuration Default for project PROS_E_Robot_of_Theseus_A ****
make all 
CC -I../include -I../src auto.c
CC -I../include -I../src init.c
CC -I../include -I../src opcontrol.c
LN ./bin/auto.o ./bin/init.o ./bin/opcontrol.o ./firmware/libccos.a -lgcc -lm to bin/output.elf
   text	   data	    bss	    dec	    hex	filename
  13456	      0	   3848	  17304	   4398	./bin/output.elf
arm-none-eabi-objcopy ./bin/output.elf -O binary ./bin/output.bin
13:12:31 **** Incremental Build of configuration Default for project PROS_E_Robot_of_Theseus_A ****
make all 
CC -I../include -I../src auto.c
LN ./bin/auto.o ./bin/init.o ./bin/opcontrol.o ./firmware/libccos.a -lgcc -lm to bin/output.elf
   text	   data	    bss	    dec	    hex	filename
  13456	      0	   3848	  17304	   4398	./bin/output.elf
arm-none-eabi-objcopy ./bin/output.elf -O binary ./bin/output.bin
13:14:13 **** Incremental Build of configuration Default for project PROS_E_Robot_of_Theseus_A ****
make all 
make[1]: Nothing to be done for `all'.
13:20:35 **** Incremental Build of configuration Default for project PROS_E_Robot_of_Theseus_A ****
make all 
make[1]: Nothing to be done for `all'.
13:21:31 **** Incremental Build of configuration Default for project PROS_E_Robot_of_Theseus_A ****
make all 
make[1]: Nothing to be done for `all'.
13:21:54 **** Incremental Build of configuration Default for project PROS_E_Robot_of_Theseus_A ****
make all 
make[1]: Nothing to be done for `all'.
13:22:52 **** Incremental Build of configuration Default for project PROS_E_Robot_of_Theseus_A ****
make all 
make[1]: Nothing to be done for `all'.
13:24:32 **** Incremental Build of configuration Default for project PROS_E_Robot_of_Theseus_A ****
make all 
CC -I../include -I../src auto.c
CC -I../include -I../src init.c
CC -I../include -I../src opcontrol.c
LN ./bin/auto.o ./bin/init.o ./bin/opcontrol.o ./firmware/libccos.a -lgcc -lm to bin/output.elf
   text	   data	    bss	    dec	    hex	filename
  13328	      0	   3848	  17176	   4318	./bin/output.elf
arm-none-eabi-objcopy ./bin/output.elf -O binary ./bin/output.bin
13:25:04 **** Incremental Build of configuration Default for project PROS_E_Robot_of_Theseus_A ****
make all 
make[1]: Nothing to be done for `all'.
13:27:56 **** Incremental Build of configuration Default for project PROS_E_Robot_of_Theseus_A ****
make all 
CC -I../include -I../src auto.c
LN ./bin/auto.o ./bin/init.o ./bin/opcontrol.o ./firmware/libccos.a -lgcc -lm to bin/output.elf
   text	   data	    bss	    dec	    hex	filename
  13336	      0	   3848	  17184	   4320	./bin/output.elf
arm-none-eabi-objcopy ./bin/output.elf -O binary ./bin/output.bin
13:54:12 **** Incremental Build of configuration Default for project PROS_E_Robot_of_Theseus_A ****
make all 
CC -I../include -I../src auto.c
CC -I../include -I../src init.c
CC -I../include -I../src opcontrol.c
LN ./bin/auto.o ./bin/init.o ./bin/opcontrol.o ./firmware/libccos.a -lgcc -lm to bin/output.elf
   text	   data	    bss	    dec	    hex	filename
  13432	      0	   3848	  17280	   4380	./bin/output.elf
arm-none-eabi-objcopy ./bin/output.elf -O binary ./bin/output.bin
13:55:20 **** Incremental Build of configuration Default for project PROS_E_Robot_of_Theseus_A ****
make all 
make[1]: Nothing to be done for `all'.
13:56:32 **** Incremental Build of configuration Default for project PROS_E_Robot_of_Theseus_A ****
make all 
make[1]: Nothing to be done for `all'.
15:48:24 **** Incremental Build of configuration Default for project PROS_E_Robot_of_Theseus_A ****
make all 
CC -I../include -I../src auto.c
auto.c: In function 'rotate':
auto.c:63:1: error: expected declaration or statement at end of input
make[1]: *** [../bin/auto.o] Error 1
make: *** [src] Error 2
15:48:32 **** Incremental Build of configuration Default for project PROS_E_Robot_of_Theseus_A ****
make all 
CC -I../include -I../src auto.c
auto.c: In function 'rotate':
auto.c:63:1: error: expected declaration or statement at end of input
make[1]: *** [../bin/auto.o] Error 1
make: *** [src] Error 2
15:48:57 **** Incremental Build of configuration Default for project PROS_E_Robot_of_Theseus_A ****
make all 
CC -I../include -I../src auto.c
auto.c: In function 'rotate':
auto.c:63:1: error: expected declaration or statement at end of input
make[1]: *** [../bin/auto.o] Error 1
make: *** [src] Error 2
15:49:23 **** Incremental Build of configuration Default for project PROS_E_Robot_of_Theseus_A ****
make all 
CC -I../include -I../src auto.c
auto.c: In function 'rotate':
auto.c:63:1: error: expected declaration or statement at end of input
make[1]: *** [../bin/auto.o] Error 1
make: *** [src] Error 2
15:49:32 **** Incremental Build of configuration Default for project PROS_E_Robot_of_Theseus_A ****
make all 
CC -I../include -I../src auto.c
auto.c: In function 'rotate':
auto.c:63:1: error: expected declaration or statement at end of input
make[1]: *** [../bin/auto.o] Error 1
make: *** [src] Error 2
15:49:47 **** Incremental Build of configuration Default for project PROS_E_Robot_of_Theseus_A ****
make all 
CC -I../include -I../src auto.c
auto.c: In function 'rotate':
auto.c:50:2: error: expected declaration or statement at end of input
make[1]: *** [../bin/auto.o] Error 1
make: *** [src] Error 2
15:50:12 **** Incremental Build of configuration Default for project PROS_E_Robot_of_Theseus_A ****
make all 
CC -I../include -I../src auto.c
auto.c: In function 'rotate':
auto.c:50:2: error: expected declaration or statement at end of input
make[1]: *** [../bin/auto.o] Error 1
make: *** [src] Error 2
15:50:26 **** Incremental Build of configuration Default for project PROS_E_Robot_of_Theseus_A ****
make all 
CC -I../include -I../src auto.c
auto.c: In function 'rotate':
auto.c:50:2: error: expected declaration or statement at end of input
make[1]: *** [../bin/auto.o] Error 1
make: *** [src] Error 2
15:51:17 **** Incremental Build of configuration Default for project PROS_E_Robot_of_Theseus_A ****
make all 
CC -I../include -I../src auto.c
auto.c: In function 'rotate':
auto.c:50:2: error: expected declaration or statement at end of input
make[1]: *** [../bin/auto.o] Error 1
make: *** [src] Error 2
15:51:35 **** Incremental Build of configuration Default for project PROS_E_Robot_of_Theseus_A ****
make all 
CC -I../include -I../src auto.c
auto.c: In function 'rotate':
auto.c:50:2: error: expected declaration or statement at end of input
make[1]: *** [../bin/auto.o] Error 1
make: *** [src] Error 2
15:52:02 **** Incremental Build of configuration Default for project PROS_E_Robot_of_Theseus_A ****
make all 
CC -I../include -I../src auto.c
auto.c: In function 'rotate':
auto.c:50:2: error: expected declaration or statement at end of input
make[1]: *** [../bin/auto.o] Error 1
make: *** [src] Error 2
15:52:17 **** Incremental Build of configuration Default for project PROS_E_Robot_of_Theseus_A ****
make all 
CC -I../include -I../src auto.c
auto.c: In function 'rotate':
auto.c:50:2: error: expected declaration or statement at end of input
make[1]: *** [../bin/auto.o] Error 1
make: *** [src] Error 2
15:52:21 **** Incremental Build of configuration Default for project PROS_E_Robot_of_Theseus_A ****
make all 
CC -I../include -I../src auto.c
auto.c: In function 'rotate':
auto.c:50:2: error: expected declaration or statement at end of input
make[1]: *** [../bin/auto.o] Error 1
make: *** [src] Error 2
15:52:37 **** Incremental Build of configuration Default for project PROS_E_Robot_of_Theseus_A ****
make all 
CC -I../include -I../src auto.c
auto.c: In function 'rotate':
auto.c:50:2: error: expected declaration or statement at end of input
make[1]: *** [../bin/auto.o] Error 1
make: *** [src] Error 2
15:53:21 **** Incremental Build of configuration Default for project PROS_E_Robot_of_Theseus_A ****
make all 
CC -I../include -I../src auto.c
auto.c: In function 'rotate':
auto.c:52:1: error: expected declaration or statement at end of input
make[1]: *** [../bin/auto.o] Error 1
make: *** [src] Error 2
15:54:07 **** Incremental Build of configuration Default for project PROS_E_Robot_of_Theseus_A ****
make all 
CC -I../include -I../src auto.c
auto.c: In function 'rotate':
auto.c:52:1: error: expected declaration or statement at end of input
make[1]: *** [../bin/auto.o] Error 1
make: *** [src] Error 2
15:54:25 **** Incremental Build of configuration Default for project PROS_E_Robot_of_Theseus_A ****
make all 
CC -I../include -I../src auto.c
auto.c: In function 'rotate':
auto.c:52:1: error: expected declaration or statement at end of input
make[1]: *** [../bin/auto.o] Error 1
make: *** [src] Error 2
15:55:07 **** Incremental Build of configuration Default for project PROS_E_Robot_of_Theseus_A ****
make all 
CC -I../include -I../src auto.c
auto.c: In function 'rotate':
auto.c:52:1: error: expected declaration or statement at end of input
make[1]: *** [../bin/auto.o] Error 1
make: *** [src] Error 2
15:55:13 **** Incremental Build of configuration Default for project PROS_E_Robot_of_Theseus_A ****
make all 
CC -I../include -I../src auto.c
auto.c: In function 'rotate':
auto.c:52:1: error: expected declaration or statement at end of input
make[1]: *** [../bin/auto.o] Error 1
make: *** [src] Error 2
15:55:31 **** Incremental Build of configuration Default for project PROS_E_Robot_of_Theseus_A ****
make all 
CC -I../include -I../src auto.c
auto.c: In function 'rotate':
auto.c:52:1: error: expected declaration or statement at end of input
make[1]: *** [../bin/auto.o] Error 1
make: *** [src] Error 2
15:55:41 **** Incremental Build of configuration Default for project PROS_E_Robot_of_Theseus_A ****
make all 
CC -I../include -I../src auto.c
auto.c: In function 'rotate':
auto.c:52:1: error: expected declaration or statement at end of input
make[1]: *** [../bin/auto.o] Error 1
make: *** [src] Error 2
15:55:51 **** Incremental Build of configuration Default for project PROS_E_Robot_of_Theseus_A ****
make all 
CC -I../include -I../src auto.c
auto.c: In function 'rotate':
auto.c:52:1: error: expected declaration or statement at end of input
make[1]: *** [../bin/auto.o] Error 1
make: *** [src] Error 2
15:57:06 **** Incremental Build of configuration Default for project PROS_E_Robot_of_Theseus_A ****
make all 
CC -I../include -I../src auto.c
auto.c: In function 'rotate':
auto.c:52:1: error: expected declaration or statement at end of input
make[1]: *** [../bin/auto.o] Error 1
make: *** [src] Error 2
15:57:16 **** Incremental Build of configuration Default for project PROS_E_Robot_of_Theseus_A ****
make all 
CC -I../include -I../src auto.c
auto.c: In function 'rotate':
auto.c:52:1: error: expected declaration or statement at end of input
make[1]: *** [../bin/auto.o] Error 1
make: *** [src] Error 2
16:00:12 **** Incremental Build of configuration Default for project PROS_E_Robot_of_Theseus_A ****
make all 
CC -I../include -I../src auto.c
auto.c: In function 'rotate':
auto.c:52:1: error: expected declaration or statement at end of input
make[1]: *** [../bin/auto.o] Error 1
make: *** [src] Error 2
16:00:18 **** Incremental Build of configuration Default for project PROS_E_Robot_of_Theseus_A ****
make all 
CC -I../include -I../src auto.c
auto.c: In function 'rotate':
auto.c:52:1: error: expected declaration or statement at end of input
make[1]: *** [../bin/auto.o] Error 1
make: *** [src] Error 2
16:00:41 **** Incremental Build of configuration Default for project PROS_E_Robot_of_Theseus_A ****
make all 
CC -I../include -I../src auto.c
auto.c: In function 'rotate':
auto.c:52:1: error: expected declaration or statement at end of input
make[1]: *** [../bin/auto.o] Error 1
make: *** [src] Error 2
16:00:45 **** Incremental Build of configuration Default for project PROS_E_Robot_of_Theseus_A ****
make all 
CC -I../include -I../src auto.c
auto.c: In function 'rotate':
auto.c:52:1: error: expected declaration or statement at end of input
make[1]: *** [../bin/auto.o] Error 1
make: *** [src] Error 2
16:01:08 **** Incremental Build of configuration Default for project PROS_E_Robot_of_Theseus_A ****
make all 
CC -I../include -I../src auto.c
auto.c: In function 'rotate':
auto.c:50:1: error: expected declaration or statement at end of input
make[1]: *** [../bin/auto.o] Error 1
make: *** [src] Error 2
16:03:12 **** Incremental Build of configuration Default for project PROS_E_Robot_of_Theseus_A ****
make all 
CC -I../include -I../src auto.c
auto.c: In function 'rotate':
auto.c:50:1: error: expected declaration or statement at end of input
make[1]: *** [../bin/auto.o] Error 1
make: *** [src] Error 2
16:03:41 **** Incremental Build of configuration Default for project PROS_E_Robot_of_Theseus_A ****
make all 
CC -I../include -I../src auto.c
auto.c: In function 'rotate':
auto.c:50:1: error: expected declaration or statement at end of input
make[1]: *** [../bin/auto.o] Error 1
make: *** [src] Error 2
16:03:55 **** Incremental Build of configuration Default for project PROS_E_Robot_of_Theseus_A ****
make all 
CC -I../include -I../src auto.c
auto.c: In function 'rotate':
auto.c:50:1: error: expected declaration or statement at end of input
make[1]: *** [../bin/auto.o] Error 1
make: *** [src] Error 2
16:05:05 **** Incremental Build of configuration Default for project PROS_E_Robot_of_Theseus_A ****
make all 
CC -I../include -I../src auto.c
auto.c: In function 'rotate':
auto.c:50:1: error: expected declaration or statement at end of input
make[1]: *** [../bin/auto.o] Error 1
make: *** [src] Error 2
16:05:18 **** Incremental Build of configuration Default for project PROS_E_Robot_of_Theseus_A ****
make all 
CC -I../include -I../src auto.c
auto.c: In function 'rotate':
auto.c:50:1: error: expected declaration or statement at end of input
make[1]: *** [../bin/auto.o] Error 1
make: *** [src] Error 2
16:05:37 **** Incremental Build of configuration Default for project PROS_E_Robot_of_Theseus_A ****
make all 
CC -I../include -I../src auto.c
auto.c: In function 'rotate':
auto.c:50:1: error: expected declaration or statement at end of input
make[1]: *** [../bin/auto.o] Error 1
make: *** [src] Error 2
16:06:07 **** Incremental Build of configuration Default for project PROS_E_Robot_of_Theseus_A ****
make all 
CC -I../include -I../src auto.c
auto.c: In function 'rotate':
auto.c:50:1: error: expected declaration or statement at end of input
make[1]: *** [../bin/auto.o] Error 1
make: *** [src] Error 2
16:06:28 **** Incremental Build of configuration Default for project PROS_E_Robot_of_Theseus_A ****
make all 
CC -I../include -I../src auto.c
auto.c: In function 'rotate':
auto.c:50:1: error: expected declaration or statement at end of input
make[1]: *** [../bin/auto.o] Error 1
make: *** [src] Error 2
16:06:48 **** Incremental Build of configuration Default for project PROS_E_Robot_of_Theseus_A ****
make all 
CC -I../include -I../src auto.c
auto.c: In function 'rotate':
auto.c:50:1: error: expected declaration or statement at end of input
make[1]: *** [../bin/auto.o] Error 1
make: *** [src] Error 2
16:07:07 **** Incremental Build of configuration Default for project PROS_E_Robot_of_Theseus_A ****
make all 
CC -I../include -I../src auto.c
auto.c: In function 'rotate':
auto.c:50:1: error: expected declaration or statement at end of input
make[1]: *** [../bin/auto.o] Error 1
make: *** [src] Error 2
16:08:33 **** Incremental Build of configuration Default for project PROS_E_Robot_of_Theseus_A ****
make all 
CC -I../include -I../src auto.c
auto.c: In function 'rotate':
auto.c:50:1: error: expected declaration or statement at end of input
make[1]: *** [../bin/auto.o] Error 1
make: *** [src] Error 2
16:09:21 **** Incremental Build of configuration Default for project PROS_E_Robot_of_Theseus_A ****
make all 
CC -I../include -I../src auto.c
auto.c: In function 'rotate':
auto.c:50:1: error: expected declaration or statement at end of input
make[1]: *** [../bin/auto.o] Error 1
make: *** [src] Error 2
16:09:33 **** Incremental Build of configuration Default for project PROS_E_Robot_of_Theseus_A ****
make all 
CC -I../include -I../src auto.c
auto.c: In function 'rotate':
auto.c:50:1: error: expected declaration or statement at end of input
make[1]: *** [../bin/auto.o] Error 1
make: *** [src] Error 2
16:09:48 **** Incremental Build of configuration Default for project PROS_E_Robot_of_Theseus_A ****
make all 
CC -I../include -I../src auto.c
auto.c: In function 'rotate':
auto.c:30:1: error: 'task' undeclared (first use in this function)
auto.c:30:1: note: each undeclared identifier is reported only once for each function it appears in
auto.c:30:20: error: expected ';' before '{' token
auto.c:48:1: error: expected declaration or statement at end of input
make[1]: *** [../bin/auto.o] Error 1
make: *** [src] Error 2
16:09:59 **** Incremental Build of configuration Default for project PROS_E_Robot_of_Theseus_A ****
make all 
CC -I../include -I../src auto.c
auto.c: In function 'rotate':
auto.c:30:1: error: 'task' undeclared (first use in this function)
auto.c:30:1: note: each undeclared identifier is reported only once for each function it appears in
auto.c:30:20: error: expected ';' before '{' token
auto.c:48:1: error: expected declaration or statement at end of input
make[1]: *** [../bin/auto.o] Error 1
make: *** [src] Error 2
16:10:02 **** Incremental Build of configuration Default for project PROS_E_Robot_of_Theseus_A ****
make all 
CC -I../include -I../src auto.c
auto.c: In function 'rotate':
auto.c:30:1: error: 'task' undeclared (first use in this function)
auto.c:30:1: note: each undeclared identifier is reported only once for each function it appears in
auto.c:30:20: error: expected ';' before '{' token
auto.c:48:1: error: expected declaration or statement at end of input
make[1]: *** [../bin/auto.o] Error 1
make: *** [src] Error 2
16:10:13 **** Incremental Build of configuration Default for project PROS_E_Robot_of_Theseus_A ****
make all 
CC -I../include -I../src auto.c
auto.c: In function 'rotate':
auto.c:30:1: error: 'task' undeclared (first use in this function)
auto.c:30:1: note: each undeclared identifier is reported only once for each function it appears in
auto.c:30:20: error: expected ';' before '{' token
auto.c:48:1: error: expected declaration or statement at end of input
make[1]: *** [../bin/auto.o] Error 1
make: *** [src] Error 2
16:10:50 **** Incremental Build of configuration Default for project PROS_E_Robot_of_Theseus_A ****
make all 
CC -I../include -I../src auto.c
auto.c: In function 'rotate':
auto.c:30:1: error: 'task' undeclared (first use in this function)
auto.c:30:1: note: each undeclared identifier is reported only once for each function it appears in
auto.c:30:20: error: expected ';' before '{' token
auto.c:48:1: error: expected declaration or statement at end of input
make[1]: *** [../bin/auto.o] Error 1
make: *** [src] Error 2
16:13:39 **** Incremental Build of configuration Default for project PROS_E_Robot_of_Theseus_A ****
make all 
CC -I../include -I../src auto.c
CC -I../include -I../src autobroke.c
autobroke.c: In function 'rotate':
autobroke.c:30:1: warning: useless type name in empty declaration [enabled by default]
autobroke.c:30:20: error: expected ';' before '{' token
autobroke.c:38:2: error: expected declaration or statement at end of input
make[1]: *** [../bin/autobroke.o] Error 1
make: *** [src] Error 2
16:13:51 **** Incremental Build of configuration Default for project PROS_E_Robot_of_Theseus_A ****
make all 
CC -I../include -I../src autobroke.c
autobroke.c: In function 'rotate':
autobroke.c:30:1: warning: useless type name in empty declaration [enabled by default]
autobroke.c:30:20: error: expected ';' before '{' token
autobroke.c:38:2: error: expected declaration or statement at end of input
make[1]: *** [../bin/autobroke.o] Error 1
make: *** [src] Error 2
16:14:36 **** Incremental Build of configuration Default for project PROS_E_Robot_of_Theseus_A ****
make all 
CC -I../include -I../src init.c
CC -I../include -I../src opcontrol.c
LN ./bin/auto.o ./bin/init.o ./bin/opcontrol.o ./firmware/libccos.a -lgcc -lm to bin/output.elf
   text	   data	    bss	    dec	    hex	filename
  13008	      0	   3848	  16856	   41d8	./bin/output.elf
arm-none-eabi-objcopy ./bin/output.elf -O binary ./bin/output.bin
16:15:05 **** Incremental Build of configuration Default for project PROS_E_Robot_of_Theseus_A ****
make all 
CC -I../include -I../src auto.c
auto.c: In function 'rotate':
auto.c:36:1: error: implicit declaration of function 'voidautonomous' [-Werror=implicit-function-declaration]
auto.c:36:18: error: expected ';' before '{' token
auto.c:55:1: error: expected declaration or statement at end of input
cc1.exe: some warnings being treated as errors
make[1]: *** [../bin/auto.o] Error 1
make: *** [src] Error 2
16:15:14 **** Incremental Build of configuration Default for project PROS_E_Robot_of_Theseus_A ****
make all 
CC -I../include -I../src auto.c
auto.c: In function 'rotate':
auto.c:36:1: error: implicit declaration of function 'voidautonomous' [-Werror=implicit-function-declaration]
auto.c:36:18: error: expected ';' before '{' token
auto.c:55:1: error: expected declaration or statement at end of input
cc1.exe: some warnings being treated as errors
make[1]: *** [../bin/auto.o] Error 1
make: *** [src] Error 2
16:15:35 **** Incremental Build of configuration Default for project PROS_E_Robot_of_Theseus_A ****
make all 
CC -I../include -I../src auto.c
auto.c: In function 'rotate':
auto.c:36:1: error: implicit declaration of function 'voidautonomous' [-Werror=implicit-function-declaration]
auto.c:36:18: error: expected ';' before '{' token
auto.c:55:1: error: expected declaration or statement at end of input
cc1.exe: some warnings being treated as errors
make[1]: *** [../bin/auto.o] Error 1
make: *** [src] Error 2
16:15:38 **** Incremental Build of configuration Default for project PROS_E_Robot_of_Theseus_A ****
make all 
CC -I../include -I../src auto.c
auto.c: In function 'rotate':
auto.c:36:1: error: implicit declaration of function 'voidautonomous' [-Werror=implicit-function-declaration]
auto.c:36:18: error: expected ';' before '{' token
auto.c:55:1: error: expected declaration or statement at end of input
cc1.exe: some warnings being treated as errors
make[1]: *** [../bin/auto.o] Error 1
make: *** [src] Error 2
16:15:41 **** Incremental Build of configuration Default for project PROS_E_Robot_of_Theseus_A ****
make all 
CC -I../include -I../src auto.c
auto.c: In function 'rotate':
auto.c:36:1: error: implicit declaration of function 'voidautonomous' [-Werror=implicit-function-declaration]
auto.c:36:18: error: expected ';' before '{' token
auto.c:55:1: error: expected declaration or statement at end of input
cc1.exe: some warnings being treated as errors
make[1]: *** [../bin/auto.o] Error 1
make: *** [src] Error 2
16:15:44 **** Incremental Build of configuration Default for project PROS_E_Robot_of_Theseus_A ****
make all 
CC -I../include -I../src auto.c
auto.c: In function 'rotate':
auto.c:36:1: error: implicit declaration of function 'voidautonomous' [-Werror=implicit-function-declaration]
auto.c:36:18: error: expected ';' before '{' token
auto.c:55:1: error: expected declaration or statement at end of input
cc1.exe: some warnings being treated as errors
make[1]: *** [../bin/auto.o] Error 1
make: *** [src] Error 2
16:15:46 **** Incremental Build of configuration Default for project PROS_E_Robot_of_Theseus_A ****
make all 
CC -I../include -I../src auto.c
auto.c: In function 'rotate':
auto.c:36:1: error: implicit declaration of function 'voidautonomous' [-Werror=implicit-function-declaration]
auto.c:36:18: error: expected ';' before '{' token
auto.c:55:1: error: expected declaration or statement at end of input
cc1.exe: some warnings being treated as errors
make[1]: *** [../bin/auto.o] Error 1
make: *** [src] Error 2
16:15:47 **** Incremental Build of configuration Default for project PROS_E_Robot_of_Theseus_A ****
make all 
CC -I../include -I../src auto.c
auto.c: In function 'rotate':
auto.c:36:1: error: implicit declaration of function 'voidautonomous' [-Werror=implicit-function-declaration]
auto.c:36:18: error: expected ';' before '{' token
auto.c:55:1: error: expected declaration or statement at end of input
cc1.exe: some warnings being treated as errors
make[1]: *** [../bin/auto.o] Error 1
make: *** [src] Error 2
16:16:12 **** Incremental Build of configuration Default for project PROS_E_Robot_of_Theseus_A ****
make all 
CC -I../include -I../src auto.c
auto.c: In function 'rotate':
auto.c:36:1: error: implicit declaration of function 'voidautonomous' [-Werror=implicit-function-declaration]
auto.c:36:18: error: expected ';' before '{' token
auto.c:55:1: error: expected declaration or statement at end of input
cc1.exe: some warnings being treated as errors
make[1]: *** [../bin/auto.o] Error 1
make: *** [src] Error 2
16:16:20 **** Incremental Build of configuration Default for project PROS_E_Robot_of_Theseus_A ****
make all 
CC -I../include -I../src auto.c
auto.c: In function 'rotate':
auto.c:36:1: error: implicit declaration of function 'voidautonomous' [-Werror=implicit-function-declaration]
auto.c:36:18: error: expected ';' before '{' token
auto.c:55:1: error: expected declaration or statement at end of input
cc1.exe: some warnings being treated as errors
make[1]: *** [../bin/auto.o] Error 1
make: *** [src] Error 2
16:16:30 **** Incremental Build of configuration Default for project PROS_E_Robot_of_Theseus_A ****
make all 
CC -I../include -I../src auto.c
auto.c: In function 'rotate':
auto.c:36:1: error: implicit declaration of function 'voidautonomous' [-Werror=implicit-function-declaration]
auto.c:36:18: error: expected ';' before '{' token
auto.c:55:1: error: expected declaration or statement at end of input
cc1.exe: some warnings being treated as errors
make[1]: *** [../bin/auto.o] Error 1
make: *** [src] Error 2
16:18:31 **** Incremental Build of configuration Default for project PROS_E_Robot_of_Theseus_A ****
make all 
CC -I../include -I../src auto.c
CC -I../include -I../src autobroke.c
autobroke.c: In function 'rotate':
autobroke.c:55:1: error: expected declaration or statement at end of input
make[1]: *** [../bin/autobroke.o] Error 1
make: *** [src] Error 2
16:18:56 **** Incremental Build of configuration Default for project PROS_E_Robot_of_Theseus_A ****
make all 
CC -I../include -I../src autobroke.c
autobroke.c: In function 'rotate':
autobroke.c:55:1: error: expected declaration or statement at end of input
make[1]: *** [../bin/autobroke.o] Error 1
make: *** [src] Error 2
16:19:30 **** Incremental Build of configuration Default for project PROS_E_Robot_of_Theseus_A ****
make all 
CC -I../include -I../src autobroke.c
autobroke.c: In function 'rotate':
autobroke.c:55:1: error: expected declaration or statement at end of input
make[1]: *** [../bin/autobroke.o] Error 1
make: *** [src] Error 2
16:20:52 **** Incremental Build of configuration Default for project PROS_E_Robot_of_Theseus_A ****
make all 
CC -I../include -I../src auto.c
LN ./bin/auto.o ./bin/init.o ./bin/opcontrol.o ./firmware/libccos.a -lgcc -lm to bin/output.elf
   text	   data	    bss	    dec	    hex	filename
  13008	      0	   3848	  16856	   41d8	./bin/output.elf
arm-none-eabi-objcopy ./bin/output.elf -O binary ./bin/output.bin
16:21:32 **** Incremental Build of configuration Default for project PROS_E_Robot_of_Theseus_A ****
make all 
CC -I../include -I../src auto.c
auto.c: In function 'rotate':
auto.c:56:1: error: expected declaration or statement at end of input
make[1]: *** [../bin/auto.o] Error 1
make: *** [src] Error 2
16:21:53 **** Incremental Build of configuration Default for project PROS_E_Robot_of_Theseus_A ****
make all 
CC -I../include -I../src auto.c
auto.c: In function 'rotate':
auto.c:56:1: error: expected declaration or statement at end of input
make[1]: *** [../bin/auto.o] Error 1
make: *** [src] Error 2
16:22:11 **** Incremental Build of configuration Default for project PROS_E_Robot_of_Theseus_A ****
make all 
CC -I../include -I../src auto.c
auto.c: In function 'rotate':
auto.c:56:1: error: expected declaration or statement at end of input
make[1]: *** [../bin/auto.o] Error 1
make: *** [src] Error 2
16:22:21 **** Incremental Build of configuration Default for project PROS_E_Robot_of_Theseus_A ****
make all 
CC -I../include -I../src auto.c
auto.c: In function 'rotate':
auto.c:56:1: error: expected declaration or statement at end of input
make[1]: *** [../bin/auto.o] Error 1
make: *** [src] Error 2
16:25:17 **** Incremental Build of configuration Default for project PROS_E_Robot_of_Theseus_A ****
make all 
CC -I../include -I../src auto.c
auto.c: In function 'rotate':
auto.c:56:1: error: expected declaration or statement at end of input
make[1]: *** [../bin/auto.o] Error 1
make: *** [src] Error 2
16:25:26 **** Incremental Build of configuration Default for project PROS_E_Robot_of_Theseus_A ****
make all 
CC -I../include -I../src auto.c
auto.c: In function 'rotate':
auto.c:56:1: error: expected declaration or statement at end of input
make[1]: *** [../bin/auto.o] Error 1
make: *** [src] Error 2
16:40:26 **** Incremental Build of configuration Default for project PROS_E_Robot_of_Theseus_A ****
make all 
CC -I../include -I../src auto.c
auto.c: In function 'autonomous':
auto.c:56:2: error: expected ';' before '}' token
auto.c: In function 'rotate':
auto.c:56:2: error: expected declaration or statement at end of input
make[1]: *** [../bin/auto.o] Error 1
make: *** [src] Error 2
16:42:27 **** Incremental Build of configuration Default for project PROS_E_Robot_of_Theseus_A ****
make all 
CC -I../include -I../src auto.c
auto.c: In function 'autonomous':
auto.c:56:2: error: expected ';' before '}' token
auto.c: In function 'rotate':
auto.c:56:2: error: expected declaration or statement at end of input
make[1]: *** [../bin/auto.o] Error 1
make: *** [src] Error 2
16:44:22 **** Incremental Build of configuration Default for project PROS_E_Robot_of_Theseus_A ****
make all 
CC -I../include -I../src auto.c
auto.c: In function 'autonomous':
auto.c:56:2: error: expected ';' before '}' token
auto.c: In function 'rotate':
auto.c:56:2: error: expected declaration or statement at end of input
make[1]: *** [../bin/auto.o] Error 1
make: *** [src] Error 2
16:44:32 **** Incremental Build of configuration Default for project PROS_E_Robot_of_Theseus_A ****
make all 
CC -I../include -I../src auto.c
auto.c: In function 'autonomous':
auto.c:56:2: error: expected ';' before '}' token
auto.c: In function 'rotate':
auto.c:56:2: error: expected declaration or statement at end of input
make[1]: *** [../bin/auto.o] Error 1
make: *** [src] Error 2
16:44:42 **** Incremental Build of configuration Default for project PROS_E_Robot_of_Theseus_A ****
make all 
CC -I../include -I../src auto.c
auto.c: In function 'rotate':
auto.c:54:1: error: expected declaration or statement at end of input
make[1]: *** [../bin/auto.o] Error 1
make: *** [src] Error 2
16:45:23 **** Incremental Build of configuration Default for project PROS_E_Robot_of_Theseus_A ****
make all 
CC -I../include -I../src auto.c
auto.c: In function 'rotate':
auto.c:54:1: error: expected declaration or statement at end of input
make[1]: *** [../bin/auto.o] Error 1
make: *** [src] Error 2
16:45:27 **** Incremental Build of configuration Default for project PROS_E_Robot_of_Theseus_A ****
make all 
CC -I../include -I../src auto.c
auto.c: In function 'rotate':
auto.c:54:1: error: expected declaration or statement at end of input
make[1]: *** [../bin/auto.o] Error 1
make: *** [src] Error 2
16:45:28 **** Incremental Build of configuration Default for project PROS_E_Robot_of_Theseus_A ****
make all 
CC -I../include -I../src auto.c
auto.c: In function 'rotate':
auto.c:54:1: error: expected declaration or statement at end of input
make[1]: *** [../bin/auto.o] Error 1
make: *** [src] Error 2
16:45:32 **** Incremental Build of configuration Default for project PROS_E_Robot_of_Theseus_A ****
make all 
CC -I../include -I../src auto.c
auto.c: In function 'rotate':
auto.c:38:1: error: expected declaration or statement at end of input
make[1]: *** [../bin/auto.o] Error 1
make: *** [src] Error 2
16:47:42 **** Incremental Build of configuration Default for project PROS_E_Robot_of_Theseus_A ****
make all 
CC -I../include -I../src auto.c
auto.c: In function 'rotate':
auto.c:38:1: error: expected declaration or statement at end of input
make[1]: *** [../bin/auto.o] Error 1
make: *** [src] Error 2
16:47:47 **** Incremental Build of configuration Default for project PROS_E_Robot_of_Theseus_A ****
make all 
CC -I../include -I../src auto.c
CC -I../include -I../src init.c
CC -I../include -I../src opcontrol.c
LN ./bin/auto.o ./bin/init.o ./bin/opcontrol.o ./firmware/libccos.a -lgcc -lm to bin/output.elf
   text	   data	    bss	    dec	    hex	filename
  13004	      0	   3848	  16852	   41d4	./bin/output.elf
arm-none-eabi-objcopy ./bin/output.elf -O binary ./bin/output.bin
16:49:22 **** Incremental Build of configuration Default for project PROS_E_Robot_of_Theseus_A ****
make all 
make[1]: Nothing to be done for `all'.
16:49:38 **** Incremental Build of configuration Default for project PROS_E_Robot_of_Theseus_A ****
make all 
make[1]: Nothing to be done for `all'.
16:49:41 **** Incremental Build of configuration Default for project PROS_E_Robot_of_Theseus_A ****
make all 
make[1]: Nothing to be done for `all'.
16:49:45 **** Incremental Build of configuration Default for project PROS_E_Robot_of_Theseus_A ****
make all 
CC -I../include -I../src auto.c
CC -I../include -I../src init.c
CC -I../include -I../src opcontrol.c
LN ./bin/auto.o ./bin/init.o ./bin/opcontrol.o ./firmware/libccos.a -lgcc -lm to bin/output.elf
   text	   data	    bss	    dec	    hex	filename
  13004	      0	   3848	  16852	   41d4	./bin/output.elf
arm-none-eabi-objcopy ./bin/output.elf -O binary ./bin/output.bin
16:49:48 **** Incremental Build of configuration Default for project PROS_E_Robot_of_Theseus_A ****
make all 
make[1]: Nothing to be done for `all'.
16:51:10 **** Incremental Build of configuration Default for project PROS_E_Robot_of_Theseus_A ****
make all 
make[1]: Nothing to be done for `all'.
16:53:12 **** Incremental Build of configuration Default for project PROS_E_Robot_of_Theseus_A ****
make all 
CC -I../include -I../src auto.c
LN ./bin/auto.o ./bin/init.o ./bin/opcontrol.o ./firmware/libccos.a -lgcc -lm to bin/output.elf
   text	   data	    bss	    dec	    hex	filename
  13432	      0	   3848	  17280	   4380	./bin/output.elf
arm-none-eabi-objcopy ./bin/output.elf -O binary ./bin/output.bin
16:53:35 **** Incremental Build of configuration Default for project PROS_E_Robot_of_Theseus_A ****
make all 
make[1]: Nothing to be done for `all'.
16:53:44 **** Incremental Build of configuration Default for project PROS_E_Robot_of_Theseus_A ****
make all 
make[1]: Nothing to be done for `all'.
16:53:46 **** Incremental Build of configuration Default for project PROS_E_Robot_of_Theseus_A ****
make all 
make[1]: Nothing to be done for `all'.
16:59:27 **** Incremental Build of configuration Default for project PROS_E_Robot_of_Theseus_A ****
make all 
make[1]: Nothing to be done for `all'.
16:59:36 **** Incremental Build of configuration Default for project PROS_E_Robot_of_Theseus_A ****
make all 
make[1]: Nothing to be done for `all'.
17:35:05 **** Incremental Build of configuration Default for project PROS_E_Robot_of_Theseus_A ****
make all 
CC -I../include -I../src auto.c
LN ./bin/auto.o ./bin/init.o ./bin/opcontrol.o ./firmware/libccos.a -lgcc -lm to bin/output.elf
   text	   data	    bss	    dec	    hex	filename
  13432	      0	   3848	  17280	   4380	./bin/output.elf
arm-none-eabi-objcopy ./bin/output.elf -O binary ./bin/output.bin
17:42:26 **** Incremental Build of configuration Default for project PROS_E_Robot_of_Theseus_A ****
make all 
CC -I../include -I../src auto.c
CC -I../include -I../src init.c
CC -I../include -I../src opcontrol.c
LN ./bin/auto.o ./bin/init.o ./bin/opcontrol.o ./firmware/libccos.a -lgcc -lm to bin/output.elf
   text	   data	    bss	    dec	    hex	filename
  13432	      0	   3848	  17280	   4380	./bin/output.elf
arm-none-eabi-objcopy ./bin/output.elf -O binary ./bin/output.bin
17:48:29 **** Incremental Build of configuration Default for project PROS_E_Robot_of_Theseus_A ****
make all 
make[1]: Nothing to be done for `all'.
17:50:02 **** Incremental Build of configuration Default for project PROS_E_Robot_of_Theseus_A ****
make all 
make[1]: Nothing to be done for `all'.
17:51:02 **** Incremental Build of configuration Default for project PROS_E_Robot_of_Theseus_A ****
make all 
CC -I../include -I../src auto.c
CC -I../include -I../src init.c
CC -I../include -I../src opcontrol.c
LN ./bin/auto.o ./bin/init.o ./bin/opcontrol.o ./firmware/libccos.a -lgcc -lm to bin/output.elf
   text	   data	    bss	    dec	    hex	filename
  13472	      0	   3848	  17320	   43a8	./bin/output.elf
arm-none-eabi-objcopy ./bin/output.elf -O binary ./bin/output.bin
17:51:04 **** Incremental Build of configuration Default for project PROS_E_Robot_of_Theseus_A ****
make all 
make[1]: Nothing to be done for `all'.
18:05:58 **** Incremental Build of configuration Default for project PROS_E_Robot_of_Theseus_A ****
make all 
make[1]: Nothing to be done for `all'.
19:12:35 **** Incremental Build of configuration Default for project PROS_E_Robot_of_Theseus_A ****
make all 
make[1]: Nothing to be done for `all'.
19:12:38 **** Incremental Build of configuration Default for project PROS_E_Robot_of_Theseus_A ****
make all 
CC -I../include -I../src auto.c
LN ./bin/auto.o ./bin/init.o ./bin/opcontrol.o ./firmware/libccos.a -lgcc -lm to bin/output.elf
   text	   data	    bss	    dec	    hex	filename
  13492	      0	   3848	  17340	   43bc	./bin/output.elf
arm-none-eabi-objcopy ./bin/output.elf -O binary ./bin/output.bin
08:00:17 **** Incremental Build of configuration Default for project PROS_E_Robot_of_Theseus_A ****
make all 
CC -I../include -I../src auto.c
LN ./bin/auto.o ./bin/init.o ./bin/opcontrol.o ./firmware/libccos.a -lgcc -lm to bin/output.elf
   text	   data	    bss	    dec	    hex	filename
  13492	      0	   3848	  17340	   43bc	./bin/output.elf
arm-none-eabi-objcopy ./bin/output.elf -O binary ./bin/output.bin
08:00:33 **** Incremental Build of configuration Default for project PROS_E_Robot_of_Theseus_A ****
make all 
make[1]: Nothing to be done for `all'.
08:12:58 **** Incremental Build of configuration Default for project PROS_E_Robot_of_Theseus_A ****
make all 
CC -I../include -I../src auto.c
LN ./bin/auto.o ./bin/init.o ./bin/opcontrol.o ./firmware/libccos.a -lgcc -lm to bin/output.elf
   text	   data	    bss	    dec	    hex	filename
  13504	      0	   3848	  17352	   43c8	./bin/output.elf
arm-none-eabi-objcopy ./bin/output.elf -O binary ./bin/output.bin
08:18:09 **** Incremental Build of configuration Default for project PROS_E_Robot_of_Theseus_A ****
make all 
make[1]: Nothing to be done for `all'.
08:18:14 **** Incremental Build of configuration Default for project PROS_E_Robot_of_Theseus_A ****
make all 
CC -I../include -I../src auto.c
CC -I../include -I../src init.c
CC -I../include -I../src opcontrol.c
LN ./bin/auto.o ./bin/init.o ./bin/opcontrol.o ./firmware/libccos.a -lgcc -lm to bin/output.elf
   text	   data	    bss	    dec	    hex	filename
  13504	      0	   3848	  17352	   43c8	./bin/output.elf
arm-none-eabi-objcopy ./bin/output.elf -O binary ./bin/output.bin
08:32:38 **** Incremental Build of configuration Default for project PROS_E_Robot_of_Theseus_A ****
make all 
make[1]: Nothing to be done for `all'.
08:33:14 **** Incremental Build of configuration Default for project PROS_E_Robot_of_Theseus_A ****
make all 
CC -I../include -I../src auto.c
LN ./bin/auto.o ./bin/init.o ./bin/opcontrol.o ./firmware/libccos.a -lgcc -lm to bin/output.elf
   text	   data	    bss	    dec	    hex	filename
  13480	      0	   3848	  17328	   43b0	./bin/output.elf
arm-none-eabi-objcopy ./bin/output.elf -O binary ./bin/output.bin
08:42:05 **** Incremental Build of configuration Default for project PROS_E_Robot_of_Theseus_A ****
make all 
make[1]: Nothing to be done for `all'.
08:42:07 **** Incremental Build of configuration Default for project PROS_E_Robot_of_Theseus_A ****
make all 
CC -I../include -I../src auto.c
LN ./bin/auto.o ./bin/init.o ./bin/opcontrol.o ./firmware/libccos.a -lgcc -lm to bin/output.elf
   text	   data	    bss	    dec	    hex	filename
  13496	      0	   3848	  17344	   43c0	./bin/output.elf
arm-none-eabi-objcopy ./bin/output.elf -O binary ./bin/output.bin
08:47:34 **** Incremental Build of configuration Default for project PROS_E_Robot_of_Theseus_A ****
make all 
make[1]: Nothing to be done for `all'.
08:47:38 **** Incremental Build of configuration Default for project PROS_E_Robot_of_Theseus_A ****
make all 
make[1]: Nothing to be done for `all'.
08:48:02 **** Incremental Build of configuration Default for project PROS_E_Robot_of_Theseus_A ****
make all 
make[1]: Nothing to be done for `all'.
09:02:40 **** Build of configuration Default for project Copy of PROS_E_Robot_of_Theseus_A(PEDRO) ****
make all 
CC -I../include -I../src auto.c
CC -I../include -I../src init.c
CC -I../include -I../src opcontrol.c
opcontrol.c: In function 'driveControl':
opcontrol.c:4:2: error: implicit declaration of function 'motorset' [-Werror=implicit-function-declaration]
opcontrol.c:5:2: error: expected ')' before 'motorset'
opcontrol.c:55:1: error: expected declaration or statement at end of input
cc1.exe: some warnings being treated as errors
make[1]: *** [../bin/opcontrol.o] Error 1
make: *** [src] Error 2
09:03:11 **** Incremental Build of configuration Default for project Copy of PROS_E_Robot_of_Theseus_A(PEDRO) ****
make all 
CC -I../include -I../src opcontrol.c
opcontrol.c: In function 'driveControl':
opcontrol.c:4:2: error: implicit declaration of function 'motorset' [-Werror=implicit-function-declaration]
opcontrol.c:5:2: error: expected ';' before 'motorset'
cc1.exe: some warnings being treated as errors
make[1]: *** [../bin/opcontrol.o] Error 1
make: *** [src] Error 2
09:04:04 **** Incremental Build of configuration Default for project Copy of PROS_E_Robot_of_Theseus_A(PEDRO) ****
make all 
CC -I../include -I../src opcontrol.c
opcontrol.c: In function 'driveControl':
opcontrol.c:4:2: error: implicit declaration of function 'motorset' [-Werror=implicit-function-declaration]
opcontrol.c:5:2: error: expected ')' before 'motorset'
opcontrol.c:55:1: error: expected declaration or statement at end of input
[...]
make all 
make[1]: Nothing to be done for `all'.
16:49:33 **** Incremental Build of configuration Default for project PROS_E_ITZ_A ****
make all 
make[1]: Nothing to be done for `all'.
16:49:34 **** Incremental Build of configuration Default for project PROS_E_Pedrobot_A ****
make all 
make[1]: Nothing to be done for `all'.
16:49:34 **** Incremental Build of configuration Default for project PROS_E_Robot_of_Theseus_A ****
make all 
make[1]: Nothing to be done for `all'.
16:49:35 **** Incremental Build of configuration Default for project PROS_E_Robot_of_Theseus_B ****
make all 
make[1]: Nothing to be done for `all'.
15:35:26 **** Incremental Build of configuration Default for project PROS_E_ClawBot_A ****
make all 
make[1]: Nothing to be done for `all'.
15:35:28 **** Incremental Build of configuration Default for project PROS_E_ITZ_A ****
make all 
CC -I../include -I../src auto.c
LN ./bin/auto.o ./bin/init.o ./bin/opcontrol.o ./firmware/libccos.a -lgcc -lm to bin/output.elf
   text	   data	    bss	    dec	    hex	filename
  17724	      0	   3856	  21580	   544c	./bin/output.elf
arm-none-eabi-objcopy ./bin/output.elf -O binary ./bin/output.bin
15:35:32 **** Incremental Build of configuration Default for project PROS_E_Pedrobot_A ****
make all 
make[1]: Nothing to be done for `all'.
15:35:33 **** Incremental Build of configuration Default for project PROS_E_Robot_of_Theseus_A ****
make all 
make[1]: Nothing to be done for `all'.
15:35:33 **** Incremental Build of configuration Default for project PROS_E_Robot_of_Theseus_B ****
make all 
make[1]: Nothing to be done for `all'.
15:38:47 **** Incremental Build of configuration Default for project PROS_E_ClawBot_A ****
make all 
make[1]: Nothing to be done for `all'.
15:38:47 **** Incremental Build of configuration Default for project PROS_E_ITZ_A ****
make all 
make[1]: Nothing to be done for `all'.
15:38:47 **** Incremental Build of configuration Default for project PROS_E_Pedrobot_A ****
make all 
make[1]: Nothing to be done for `all'.
15:38:48 **** Incremental Build of configuration Default for project PROS_E_Robot_of_Theseus_A ****
make all 
make[1]: Nothing to be done for `all'.
15:38:48 **** Incremental Build of configuration Default for project PROS_E_Robot_of_Theseus_B ****
make all 
make[1]: Nothing to be done for `all'.
15:18:08 **** Incremental Build of configuration Default for project PROS_E_ClawBot_A ****
make all 
make[1]: Nothing to be done for `all'.
15:18:10 **** Incremental Build of configuration Default for project PROS_E_ITZ_A ****
make all 
CC -I../include -I../src auto.c
CC -I../include -I../src init.c
CC -I../include -I../src opcontrol.c
LN ./bin/auto.o ./bin/init.o ./bin/opcontrol.o ./firmware/libccos.a -lgcc -lm to bin/output.elf
   text	   data	    bss	    dec	    hex	filename
  17724	      0	   3856	  21580	   544c	./bin/output.elf
arm-none-eabi-objcopy ./bin/output.elf -O binary ./bin/output.bin
15:18:18 **** Build of configuration Default for project PROS_E_MULE ****
make all 
make[1]: Nothing to be done for `all'.
LN ./bin/auto.o ./bin/init.o ./bin/opcontrol.o ./firmware/libccos.a -lgcc -lm to bin/output.elf
   text	   data	    bss	    dec	    hex	filename
  17724	      0	   3856	  21580	   544c	./bin/output.elf
arm-none-eabi-objcopy ./bin/output.elf -O binary ./bin/output.bin
15:18:21 **** Build of configuration Default for project PROS_E_Pedrobot ****
make all 
make[1]: Nothing to be done for `all'.
15:18:23 **** Incremental Build of configuration Default for project PROS_E_Robot_of_Theseus_A ****
make all 
make[1]: Nothing to be done for `all'.
15:18:25 **** Incremental Build of configuration Default for project PROS_E_Robot_of_Theseus_B ****
make all 
make[1]: Nothing to be done for `all'.
15:20:12 **** Incremental Build of configuration Default for project PROS_E_ClawBot_A ****
make all 
make[1]: Nothing to be done for `all'.
15:20:14 **** Incremental Build of configuration Default for project PROS_E_ITZ_A ****
make all 
CC -I../include -I../src auto.c
CC -I../include -I../src init.c
CC -I../include -I../src opcontrol.c
LN ./bin/auto.o ./bin/init.o ./bin/opcontrol.o ./firmware/libccos.a -lgcc -lm to bin/output.elf
   text	   data	    bss	    dec	    hex	filename
  17724	      0	   3856	  21580	   544c	./bin/output.elf
arm-none-eabi-objcopy ./bin/output.elf -O binary ./bin/output.bin
15:20:20 **** Incremental Build of configuration Default for project PROS_E_MULE ****
make all 
make[1]: Nothing to be done for `all'.
15:20:22 **** Incremental Build of configuration Default for project PROS_E_Pedrobot ****
make all 
make[1]: Nothing to be done for `all'.
15:20:23 **** Incremental Build of configuration Default for project PROS_E_Robot_of_Theseus_A ****
make all 
make[1]: Nothing to be done for `all'.
15:20:25 **** Incremental Build of configuration Default for project PROS_E_Robot_of_Theseus_B ****
make all 
make[1]: Nothing to be done for `all'.
15:22:07 **** Incremental Build of configuration Default for project PROS_E_ClawBot_A ****
make all 
make[1]: Nothing to be done for `all'.
15:22:10 **** Incremental Build of configuration Default for project PROS_E_ITZ_A ****
make all 
CC -I../include -I../src init.c
LN ./bin/auto.o ./bin/init.o ./bin/opcontrol.o ./firmware/libccos.a -lgcc -lm to bin/output.elf
   text	   data	    bss	    dec	    hex	filename
  17724	      0	   3856	  21580	   544c	./bin/output.elf
arm-none-eabi-objcopy ./bin/output.elf -O binary ./bin/output.bin
15:22:16 **** Incremental Build of configuration Default for project PROS_E_MULE ****
make all 
make[1]: Nothing to be done for `all'.
15:22:19 **** Incremental Build of configuration Default for project PROS_E_Pedrobot ****
make all 
make[1]: Nothing to be done for `all'.
15:22:21 **** Incremental Build of configuration Default for project PROS_E_Robot_of_Theseus_A ****
make all 
make[1]: Nothing to be done for `all'.
15:22:24 **** Incremental Build of configuration Default for project PROS_E_Robot_of_Theseus_B ****
make all 
make[1]: Nothing to be done for `all'.
15:24:30 **** Incremental Build of configuration Default for project PROS_E_ClawBot_A ****
make all 
make[1]: Nothing to be done for `all'.
15:24:32 **** Incremental Build of configuration Default for project PROS_E_ITZ_A ****
make all 
make[1]: Nothing to be done for `all'.
15:24:33 **** Build of configuration Default for project PROS_E_MULE ****
make all 
make[1]: Nothing to be done for `all'.
15:24:35 **** Incremental Build of configuration Default for project PROS_E_Pedrobot ****
make all 
make[1]: Nothing to be done for `all'.
15:24:37 **** Incremental Build of configuration Default for project PROS_E_Robot_of_Theseus_A ****
make all 
make[1]: Nothing to be done for `all'.
15:24:39 **** Incremental Build of configuration Default for project PROS_E_Robot_of_Theseus_B ****
make all 
make[1]: Nothing to be done for `all'.
14:15:18 **** Build of configuration Default for project PROS_ClawBot_A ****
make all 
make[1]: Nothing to be done for `all'.
14:15:19 **** Build of configuration Default for project PROS_ITZ_A ****
make all 
make[1]: Nothing to be done for `all'.
14:15:20 **** Build of configuration Default for project PROS_MULE ****
make all 
make[1]: Nothing to be done for `all'.
LN ./bin/auto.o ./bin/init.o ./bin/opcontrol.o ./firmware/libccos.a -lgcc -lm to bin/output.elf
   text	   data	    bss	    dec	    hex	filename
  17724	      0	   3856	  21580	   544c	./bin/output.elf
arm-none-eabi-objcopy ./bin/output.elf -O binary ./bin/output.bin
14:15:22 **** Build of configuration Default for project PROS_Pedrobot ****
make all 
make[1]: Nothing to be done for `all'.
14:15:22 **** Build of configuration Default for project PROS_Robot_of_Theseus_A ****
make all 
make[1]: Nothing to be done for `all'.
14:15:23 **** Build of configuration Default for project PROS_Robot_of_Theseus_B ****
make all 
make[1]: Nothing to be done for `all'.
16:35:52 **** Incremental Build of configuration Default for project PROS_ClawBot_A ****
make all 
make[1]: Nothing to be done for `all'.
16:35:53 **** Incremental Build of configuration Default for project PROS_ITZ_A ****
make all 
CC -I../include -I../src auto.c
auto.c: In function 'autonomous':
auto.c:80:2: error: implicit declaration of function 'compAuto' [-Werror=implicit-function-declaration]
cc1.exe: some warnings being treated as errors
make[1]: *** [../bin/auto.o] Error 1
make: *** [src] Error 2
16:35:55 **** Incremental Build of configuration Default for project PROS_MULE ****
make all 
make[1]: Nothing to be done for `all'.
16:35:55 **** Incremental Build of configuration Default for project PROS_Pedrobot ****
make all 
make[1]: Nothing to be done for `all'.
16:35:56 **** Incremental Build of configuration Default for project PROS_Robot_of_Theseus_A ****
make all 
make[1]: Nothing to be done for `all'.
16:35:56 **** Incremental Build of configuration Default for project PROS_Robot_of_Theseus_B ****
make all 
make[1]: Nothing to be done for `all'.
16:36:11 **** Incremental Build of configuration Default for project PROS_ClawBot_A ****
make all 
make[1]: Nothing to be done for `all'.
16:36:11 **** Incremental Build of configuration Default for project PROS_ITZ_A ****
make all 
CC -I../include -I../src auto.c
CC -I../include -I../src init.c
CC -I../include -I../src opcontrol.c
LN ./bin/auto.o ./bin/init.o ./bin/opcontrol.o ./firmware/libccos.a -lgcc -lm to bin/output.elf
   text	   data	    bss	    dec	    hex	filename
  17724	      0	   3856	  21580	   544c	./bin/output.elf
arm-none-eabi-objcopy ./bin/output.elf -O binary ./bin/output.bin
16:36:15 **** Incremental Build of configuration Default for project PROS_MULE ****
make all 
make[1]: Nothing to be done for `all'.
16:36:15 **** Incremental Build of configuration Default for project PROS_Pedrobot ****
make all 
make[1]: Nothing to be done for `all'.
16:36:15 **** Incremental Build of configuration Default for project PROS_Robot_of_Theseus_A ****
make all 
make[1]: Nothing to be done for `all'.
16:36:16 **** Incremental Build of configuration Default for project PROS_Robot_of_Theseus_B ****
make all 
make[1]: Nothing to be done for `all'.
16:53:21 **** Incremental Build of configuration Default for project PROS_ClawBot_A ****
make all 
make[1]: Nothing to be done for `all'.
16:53:22 **** Incremental Build of configuration Default for project PROS_ITZ_A ****
make all 
CC -I../include -I../src auto.c
CC -I../include -I../src init.c
CC -I../include -I../src opcontrol.c
LN ./bin/auto.o ./bin/init.o ./bin/opcontrol.o ./firmware/libccos.a -lgcc -lm to bin/output.elf
   text	   data	    bss	    dec	    hex	filename
  17724	      0	   3856	  21580	   544c	./bin/output.elf
arm-none-eabi-objcopy ./bin/output.elf -O binary ./bin/output.bin
16:53:24 **** Incremental Build of configuration Default for project PROS_MULE ****
make all 
make[1]: Nothing to be done for `all'.
16:53:24 **** Incremental Build of configuration Default for project PROS_Pedrobot ****
make all 
make[1]: Nothing to be done for `all'.
16:53:24 **** Incremental Build of configuration Default for project PROS_Robot_of_Theseus_A ****
make all 
make[1]: Nothing to be done for `all'.
16:53:25 **** Incremental Build of configuration Default for project PROS_Robot_of_Theseus_B ****
make all 
make[1]: Nothing to be done for `all'.
16:56:25 **** Incremental Build of configuration Default for project PROS_ClawBot_A ****
make all 
make[1]: Nothing to be done for `all'.
16:56:26 **** Incremental Build of configuration Default for project PROS_ITZ_A ****
make all 
make[1]: Nothing to be done for `all'.
16:56:26 **** Incremental Build of configuration Default for project PROS_MULE ****
make all 
make[1]: Nothing to be done for `all'.
16:56:27 **** Incremental Build of configuration Default for project PROS_Pedrobot ****
make all 
make[1]: Nothing to be done for `all'.
16:56:27 **** Incremental Build of configuration Default for project PROS_Robot_of_Theseus_A ****
make all 
make[1]: Nothing to be done for `all'.
16:56:27 **** Incremental Build of configuration Default for project PROS_Robot_of_Theseus_B ****
make all 
make[1]: Nothing to be done for `all'.
19:13:11 **** Incremental Build of configuration Default for project PROS_ClawBot_A ****
make all 
make[1]: Nothing to be done for `all'.
19:13:13 **** Incremental Build of configuration Default for project PROS_ITZ_A ****
make all 
make[1]: Nothing to be done for `all'.
19:13:14 **** Incremental Build of configuration Default for project PROS_MULE ****
make all 
make[1]: Nothing to be done for `all'.
19:13:15 **** Incremental Build of configuration Default for project PROS_Pedrobot ****
make all 
make[1]: Nothing to be done for `all'.
19:13:15 **** Incremental Build of configuration Default for project PROS_Robot_of_Theseus_A ****
make all 
make[1]: Nothing to be done for `all'.
19:13:16 **** Incremental Build of configuration Default for project PROS_Robot_of_Theseus_B ****
make all 
make[1]: Nothing to be done for `all'.
19:13:41 **** Incremental Build of configuration Default for project PROS_ClawBot_A ****
make all 
make[1]: Nothing to be done for `all'.
19:13:42 **** Incremental Build of configuration Default for project PROS_ITZ_A ****
make all 
make[1]: Nothing to be done for `all'.
19:13:42 **** Incremental Build of configuration Default for project PROS_MULE ****
make all 
make[1]: Nothing to be done for `all'.
19:13:42 **** Incremental Build of configuration Default for project PROS_Pedrobot ****
make all 
make[1]: Nothing to be done for `all'.
19:13:44 **** Incremental Build of configuration Default for project PROS_Robot_of_Theseus_A ****
make all 
make[1]: Nothing to be done for `all'.
19:13:44 **** Incremental Build of configuration Default for project PROS_Robot_of_Theseus_B ****
make all 
make[1]: Nothing to be done for `all'.
15:40:16 **** Incremental Build of configuration Default for project PROS_ClawBot_A ****
make all 
make[1]: Nothing to be done for `all'.
15:40:19 **** Incremental Build of configuration Default for project PROS_ITZ_A ****
make all 
make[1]: Nothing to be done for `all'.
15:40:20 **** Incremental Build of configuration Default for project PROS_MULE ****
make all 
make[1]: Nothing to be done for `all'.
15:40:21 **** Incremental Build of configuration Default for project PROS_Pedrobot ****
make all 
make[1]: Nothing to be done for `all'.
15:40:22 **** Incremental Build of configuration Default for project PROS_Robot_of_Theseus_A ****
make all 
make[1]: Nothing to be done for `all'.
15:40:22 **** Incremental Build of configuration Default for project PROS_Robot_of_Theseus_B ****
make all 
make[1]: Nothing to be done for `all'.
15:40:42 **** Incremental Build of configuration Default for project PROS_ClawBot_A ****
make all 
make[1]: Nothing to be done for `all'.
15:40:42 **** Incremental Build of configuration Default for project PROS_ITZ_A ****
make all 
make[1]: Nothing to be done for `all'.
15:40:43 **** Incremental Build of configuration Default for project PROS_MULE ****
make all 
make[1]: Nothing to be done for `all'.
15:40:44 **** Incremental Build of configuration Default for project PROS_Pedrobot ****
make all 
make[1]: Nothing to be done for `all'.
15:40:44 **** Incremental Build of configuration Default for project PROS_Robot_of_Theseus_A ****
make all 
make[1]: Nothing to be done for `all'.
15:40:45 **** Incremental Build of configuration Default for project PROS_Robot_of_Theseus_B ****
make all 
make[1]: Nothing to be done for `all'.
15:40:56 **** Incremental Build of configuration Default for project PROS_ClawBot_A ****
make all 
make[1]: Nothing to be done for `all'.
15:40:57 **** Incremental Build of configuration Default for project PROS_ITZ_A ****
make all 
make[1]: Nothing to be done for `all'.
15:40:57 **** Incremental Build of configuration Default for project PROS_MULE ****
make all 
make[1]: Nothing to be done for `all'.
15:40:58 **** Incremental Build of configuration Default for project PROS_Pedrobot ****
make all 
make[1]: Nothing to be done for `all'.
15:40:59 **** Incremental Build of configuration Default for project PROS_Robot_of_Theseus_A ****
make all 
make[1]: Nothing to be done for `all'.
15:40:59 **** Incremental Build of configuration Default for project PROS_Robot_of_Theseus_B ****
make all 
make[1]: Nothing to be done for `all'.
15:41:27 **** Incremental Build of configuration Default for project PROS_ClawBot_A ****
make all 
make[1]: Nothing to be done for `all'.
15:41:27 **** Incremental Build of configuration Default for project PROS_ITZ_A ****
make all 
make[1]: Nothing to be done for `all'.
15:41:28 **** Incremental Build of configuration Default for project PROS_MULE ****
make all 
make[1]: Nothing to be done for `all'.
15:41:29 **** Incremental Build of configuration Default for project PROS_Pedrobot ****
make all 
make[1]: Nothing to be done for `all'.
15:41:29 **** Incremental Build of configuration Default for project PROS_Robot_of_Theseus_A ****
make all 
make[1]: Nothing to be done for `all'.
15:41:30 **** Incremental Build of configuration Default for project PROS_Robot_of_Theseus_B ****
make all 
make[1]: Nothing to be done for `all'.
15:41:45 **** Incremental Build of configuration Default for project PROS_ClawBot_A ****
make all 
make[1]: Nothing to be done for `all'.
15:41:45 **** Incremental Build of configuration Default for project PROS_ITZ_A ****
make all 
make[1]: Nothing to be done for `all'.
15:41:46 **** Incremental Build of configuration Default for project PROS_MULE ****
make all 
make[1]: Nothing to be done for `all'.
15:41:47 **** Incremental Build of configuration Default for project PROS_Pedrobot ****
make all 
make[1]: Nothing to be done for `all'.
15:41:47 **** Incremental Build of configuration Default for project PROS_Robot_of_Theseus_A ****
make all 
make[1]: Nothing to be done for `all'.
15:41:47 **** Incremental Build of configuration Default for project PROS_Robot_of_Theseus_B ****
make all 
make[1]: Nothing to be done for `all'.
15:41:57 **** Incremental Build of configuration Default for project PROS_ClawBot_A ****
make all 
make[1]: Nothing to be done for `all'.
15:41:58 **** Incremental Build of configuration Default for project PROS_ITZ_A ****
make all 
make[1]: Nothing to be done for `all'.
15:41:58 **** Incremental Build of configuration Default for project PROS_MULE ****
make all 
make[1]: Nothing to be done for `all'.
15:41:59 **** Incremental Build of configuration Default for project PROS_Pedrobot ****
make all 
make[1]: Nothing to be done for `all'.
15:41:59 **** Incremental Build of configuration Default for project PROS_Robot_of_Theseus_A ****
make all 
make[1]: Nothing to be done for `all'.
15:42:00 **** Incremental Build of configuration Default for project PROS_Robot_of_Theseus_B ****
make all 
make[1]: Nothing to be done for `all'.
15:42:05 **** Incremental Build of configuration Default for project PROS_ClawBot_A ****
make all 
CC -I../include -I../src auto.c
CC -I../include -I../src init.c
CC -I../include -I../src opcontrol.c
LN ./bin/auto.o ./bin/init.o ./bin/opcontrol.o ./firmware/libccos.a -lgcc -lm to bin/output.elf
   text	   data	    bss	    dec	    hex	filename
  12320	      0	   3840	  16160	   3f20	./bin/output.elf
arm-none-eabi-objcopy ./bin/output.elf -O binary ./bin/output.bin
15:42:15 **** Incremental Build of configuration Default for project PROS_ITZ_A ****
make all 
make[1]: Nothing to be done for `all'.
15:42:15 **** Incremental Build of configuration Default for project PROS_MULE ****
make all 
make[1]: Nothing to be done for `all'.
15:42:16 **** Incremental Build of configuration Default for project PROS_Pedrobot ****
make all 
make[1]: Nothing to be done for `all'.
15:42:16 **** Incremental Build of configuration Default for project PROS_Robot_of_Theseus_A ****
make all 
make[1]: Nothing to be done for `all'.
15:42:16 **** Incremental Build of configuration Default for project PROS_Robot_of_Theseus_B ****
make all 
make[1]: Nothing to be done for `all'.
